{"logTime": "0528/191738", "correlationVector":"eLbQbO+DLtADW9xwQ4ndkn.3","action":"GetUpdates Response", "result":"Success", "context":Received 250 update(s). cV=eLbQbO+DLtADW9xwQ4ndkn.0;server=akswtt11400001b;cloudType=Consumer;environment=Prod_eastus_prod-s01-056-nam-eastus;migrationStage=NotStarted Some updates remain.}
{"logTime": "0528/191738", "correlationVector":"CEfe8jHmk49c+HN7Ef+W4I","action":"Initial GetUpdates", "result":"", "context":Reason: NEWLY_SUPPORTED_DATATYPE. cV=CEfe8jHmk49c+HN7Ef+W4I}
{"logTime": "0528/191740", "correlationVector":"CEfe8jHmk49c+HN7Ef+W4I.1","action":"SyncServerConnectionManagerRequest", "result":"SYNC_SERVER_OK", "context":{"environment":"Prod_eastus_prod-s01-056-nam-eastus", "migrationStage":"NotStarted", "server":"akswtt114000005"}}
{"logTime": "0528/191740", "correlationVector":"CEfe8jHmk49c+HN7Ef+W4I.2","action":"ProcessGetUpdates", "result":"Done", "context":{"dataType":"History", "deleted":"0", "process_failed_to_decrypt":"0", "process_pending_decryption":"0", "process_success":"250", "total":"250"}}
{"logTime": "0528/191740", "correlationVector":"CEfe8jHmk49c+HN7Ef+W4I.3","action":"GetUpdates Response", "result":"Success", "context":Received 250 update(s). cV=CEfe8jHmk49c+HN7Ef+W4I.0;server=akswtt114000005;cloudType=Consumer;environment=Prod_eastus_prod-s01-056-nam-eastus;migrationStage=NotStarted Some updates remain.}
{"logTime": "0528/191740", "correlationVector":"ift+woO40uKpkrCHrjh7Cb","action":"Initial GetUpdates", "result":"", "context":Reason: NEWLY_SUPPORTED_DATATYPE. cV=ift+woO40uKpkrCHrjh7Cb}
{"logTime": "0528/191740", "correlationVector":"ift+woO40uKpkrCHrjh7Cb.1","action":"SyncServerConnectionManagerRequest", "result":"SYNC_SERVER_OK", "context":{"environment":"Prod_eastus_prod-s01-056-nam-eastus", "migrationStage":"NotStarted", "server":"akswtt11400001n"}}
{"logTime": "0528/191740", "correlationVector":"ift+woO40uKpkrCHrjh7Cb.2","action":"ProcessGetUpdates", "result":"Done", "context":{"dataType":"History", "deleted":"0", "process_failed_to_decrypt":"0", "process_pending_decryption":"0", "process_success":"250", "total":"250"}}
{"logTime": "0528/191740", "correlationVector":"ift+woO40uKpkrCHrjh7Cb.3","action":"GetUpdates Response", "result":"Success", "context":Received 250 update(s). cV=ift+woO40uKpkrCHrjh7Cb.0;server=akswtt11400001n;cloudType=Consumer;environment=Prod_eastus_prod-s01-056-nam-eastus;migrationStage=NotStarted Some updates remain.}
{"logTime": "0528/191740", "correlationVector":"jt3nj1zRVz5wtZr7s9FAtL","action":"Initial GetUpdates", "result":"", "context":Reason: NEWLY_SUPPORTED_DATATYPE. cV=jt3nj1zRVz5wtZr7s9FAtL}
{"logTime": "0528/191741", "correlationVector":"jt3nj1zRVz5wtZr7s9FAtL.1","action":"SyncServerConnectionManagerRequest", "result":"SYNC_SERVER_OK", "context":{"environment":"Prod_eastus_prod-s01-056-nam-eastus", "migrationStage":"NotStarted", "server":"akswtt11400000n"}}
{"logTime": "0528/191741", "correlationVector":"jt3nj1zRVz5wtZr7s9FAtL.2","action":"ProcessGetUpdates", "result":"Done", "context":{"dataType":"History", "deleted":"0", "process_failed_to_decrypt":"0", "process_pending_decryption":"0", "process_success":"250", "total":"250"}}
{"logTime": "0528/191741", "correlationVector":"jt3nj1zRVz5wtZr7s9FAtL.3","action":"GetUpdates Response", "result":"Success", "context":Received 250 update(s). cV=jt3nj1zRVz5wtZr7s9FAtL.0;server=akswtt11400000n;cloudType=Consumer;environment=Prod_eastus_prod-s01-056-nam-eastus;migrationStage=NotStarted Some updates remain.}
{"logTime": "0528/191741", "correlationVector":"h64btCRL3cnqs22FyOxrhS","action":"Initial GetUpdates", "result":"", "context":Reason: NEWLY_SUPPORTED_DATATYPE. cV=h64btCRL3cnqs22FyOxrhS}
{"logTime": "0528/191743", "correlationVector":"h64btCRL3cnqs22FyOxrhS.1","action":"SyncServerConnectionManagerRequest", "result":"SYNC_SERVER_OK", "context":{"environment":"Prod_eastus_prod-s01-056-nam-eastus", "migrationStage":"NotStarted", "server":"akswtt114000005"}}
{"logTime": "0528/191743", "correlationVector":"h64btCRL3cnqs22FyOxrhS.2","action":"ProcessGetUpdates", "result":"Done", "context":{"dataType":"History", "deleted":"0", "process_failed_to_decrypt":"0", "process_pending_decryption":"0", "process_success":"250", "total":"250"}}
{"logTime": "0528/191743", "correlationVector":"h64btCRL3cnqs22FyOxrhS.3","action":"GetUpdates Response", "result":"Success", "context":Received 250 update(s). cV=h64btCRL3cnqs22FyOxrhS.0;server=akswtt114000005;cloudType=Consumer;environment=Prod_eastus_prod-s01-056-nam-eastus;migrationStage=NotStarted Some updates remain.}
{"logTime": "0528/191743", "correlationVector":"bX1S1r7U3eBVPtn4/tKlWs","action":"Initial GetUpdates", "result":"", "context":Reason: NEWLY_SUPPORTED_DATATYPE. cV=bX1S1r7U3eBVPtn4/tKlWs}
{"logTime": "0528/191743", "correlationVector":"bX1S1r7U3eBVPtn4/tKlWs.1","action":"SyncServerConnectionManagerRequest", "result":"SYNC_SERVER_OK", "context":{"environment":"Prod_eastus_prod-s01-056-nam-eastus", "migrationStage":"NotStarted", "server":"akswtt114000011"}}
{"logTime": "0528/191743", "correlationVector":"bX1S1r7U3eBVPtn4/tKlWs.2","action":"ProcessGetUpdates", "result":"Done", "context":{"dataType":"History", "deleted":"0", "process_failed_to_decrypt":"0", "process_pending_decryption":"0", "process_success":"250", "total":"250"}}
{"logTime": "0528/191743", "correlationVector":"bX1S1r7U3eBVPtn4/tKlWs.3","action":"GetUpdates Response", "result":"Success", "context":Received 250 update(s). cV=bX1S1r7U3eBVPtn4/tKlWs.0;server=akswtt114000011;cloudType=Consumer;environment=Prod_eastus_prod-s01-056-nam-eastus;migrationStage=NotStarted Some updates remain.}
{"logTime": "0528/191743", "correlationVector":"g4iYBVQG7usc2cHi9nyEf5","action":"Initial GetUpdates", "result":"", "context":Reason: NEWLY_SUPPORTED_DATATYPE. cV=g4iYBVQG7usc2cHi9nyEf5}
{"logTime": "0528/191743", "correlationVector":"g4iYBVQG7usc2cHi9nyEf5.1","action":"SyncServerConnectionManagerRequest", "result":"SYNC_SERVER_OK", "context":{"environment":"Prod_eastus_prod-s01-056-nam-eastus", "migrationStage":"NotStarted", "server":"akswtt11400001l"}}
{"logTime": "0528/191743", "correlationVector":"g4iYBVQG7usc2cHi9nyEf5.2","action":"ProcessGetUpdates", "result":"Done", "context":{"dataType":"History", "deleted":"0", "process_failed_to_decrypt":"0", "process_pending_decryption":"0", "process_success":"250", "total":"250"}}
{"logTime": "0528/191743", "correlationVector":"g4iYBVQG7usc2cHi9nyEf5.3","action":"GetUpdates Response", "result":"Success", "context":Received 250 update(s). cV=g4iYBVQG7usc2cHi9nyEf5.0;server=akswtt11400001l;cloudType=Consumer;environment=Prod_eastus_prod-s01-056-nam-eastus;migrationStage=NotStarted Some updates remain.}
{"logTime": "0528/191743", "correlationVector":"xi/Yps4USNoz4kM2fxlD8l","action":"Initial GetUpdates", "result":"", "context":Reason: NEWLY_SUPPORTED_DATATYPE. cV=xi/Yps4USNoz4kM2fxlD8l}
{"logTime": "0528/191743", "correlationVector":"xi/Yps4USNoz4kM2fxlD8l.1","action":"SyncServerConnectionManagerRequest", "result":"SYNC_SERVER_OK", "context":{"environment":"Prod_eastus_prod-s01-056-nam-eastus", "migrationStage":"NotStarted", "server":"akswtt114000009"}}
{"logTime": "0528/191743", "correlationVector":"xi/Yps4USNoz4kM2fxlD8l.2","action":"ProcessGetUpdates", "result":"Done", "context":{"dataType":"History", "deleted":"0", "process_failed_to_decrypt":"0", "process_pending_decryption":"0", "process_success":"250", "total":"250"}}
{"logTime": "0528/191743", "correlationVector":"xi/Yps4USNoz4kM2fxlD8l.3","action":"GetUpdates Response", "result":"Success", "context":Received 250 update(s). cV=xi/Yps4USNoz4kM2fxlD8l.0;server=akswtt114000009;cloudType=Consumer;environment=Prod_eastus_prod-s01-056-nam-eastus;migrationStage=NotStarted Some updates remain.}
{"logTime": "0528/191743", "correlationVector":"D8GOmZIa3Q76cW77feC0qO","action":"Initial GetUpdates", "result":"", "context":Reason: NEWLY_SUPPORTED_DATATYPE. cV=D8GOmZIa3Q76cW77feC0qO}
{"logTime": "0528/191744", "correlationVector":"D8GOmZIa3Q76cW77feC0qO.1","action":"SyncServerConnectionManagerRequest", "result":"SYNC_SERVER_OK", "context":{"environment":"Prod_eastus_prod-s01-056-nam-eastus", "migrationStage":"NotStarted", "server":"akswtt11400000l"}}
{"logTime": "0528/191744", "correlationVector":"D8GOmZIa3Q76cW77feC0qO.2","action":"ProcessGetUpdates", "result":"Done", "context":{"dataType":"History", "deleted":"0", "process_failed_to_decrypt":"0", "process_pending_decryption":"0", "process_success":"250", "total":"250"}}
{"logTime": "0528/191744", "correlationVector":"D8GOmZIa3Q76cW77feC0qO.3","action":"GetUpdates Response", "result":"Success", "context":Received 250 update(s). cV=D8GOmZIa3Q76cW77feC0qO.0;server=akswtt11400000l;cloudType=Consumer;environment=Prod_eastus_prod-s01-056-nam-eastus;migrationStage=NotStarted Some updates remain.}
{"logTime": "0528/191744", "correlationVector":"W3NqMyaq2jW6FFvxdUXxkq","action":"Initial GetUpdates", "result":"", "context":Reason: NEWLY_SUPPORTED_DATATYPE. cV=W3NqMyaq2jW6FFvxdUXxkq}
{"logTime": "0528/191744", "correlationVector":"W3NqMyaq2jW6FFvxdUXxkq.1","action":"SyncServerConnectionManagerRequest", "result":"SYNC_SERVER_OK", "context":{"environment":"Prod_eastus_prod-s01-056-nam-eastus", "migrationStage":"NotStarted", "server":"akswtt11400000l"}}
{"logTime": "0528/191744", "correlationVector":"W3NqMyaq2jW6FFvxdUXxkq.2","action":"ProcessGetUpdates", "result":"Done", "context":{"dataType":"History", "deleted":"0", "process_failed_to_decrypt":"0", "process_pending_decryption":"0", "process_success":"250", "total":"250"}}
{"logTime": "0528/191744", "correlationVector":"W3NqMyaq2jW6FFvxdUXxkq.3","action":"GetUpdates Response", "result":"Success", "context":Received 250 update(s). cV=W3NqMyaq2jW6FFvxdUXxkq.0;server=akswtt11400000l;cloudType=Consumer;environment=Prod_eastus_prod-s01-056-nam-eastus;migrationStage=NotStarted Some updates remain.}
{"logTime": "0528/191744", "correlationVector":"vkTHedUfyPx55OD/EkLWtj","action":"Initial GetUpdates", "result":"", "context":Reason: NEWLY_SUPPORTED_DATATYPE. cV=vkTHedUfyPx55OD/EkLWtj}
{"logTime": "0528/191745", "correlationVector":"vkTHedUfyPx55OD/EkLWtj.1","action":"SyncServerConnectionManagerRequest", "result":"SYNC_SERVER_OK", "context":{"environment":"Prod_eastus_prod-s01-056-nam-eastus", "migrationStage":"NotStarted", "server":"akswtt11400001l"}}
{"logTime": "0528/191745", "correlationVector":"vkTHedUfyPx55OD/EkLWtj.2","action":"ProcessGetUpdates", "result":"Done", "context":{"dataType":"History", "deleted":"0", "process_failed_to_decrypt":"0", "process_pending_decryption":"0", "process_success":"250", "total":"250"}}
{"logTime": "0528/191745", "correlationVector":"vkTHedUfyPx55OD/EkLWtj.3","action":"GetUpdates Response", "result":"Success", "context":Received 250 update(s). cV=vkTHedUfyPx55OD/EkLWtj.0;server=akswtt11400001l;cloudType=Consumer;environment=Prod_eastus_prod-s01-056-nam-eastus;migrationStage=NotStarted Some updates remain.}
{"logTime": "0528/191745", "correlationVector":"OQWcbNJ2DkZNBVbHYbrGn6","action":"Initial GetUpdates", "result":"", "context":Reason: NEWLY_SUPPORTED_DATATYPE. cV=OQWcbNJ2DkZNBVbHYbrGn6}
{"logTime": "0528/191745", "correlationVector":"OQWcbNJ2DkZNBVbHYbrGn6.1","action":"SyncServerConnectionManagerRequest", "result":"SYNC_SERVER_OK", "context":{"environment":"Prod_eastus_prod-s01-056-nam-eastus", "migrationStage":"NotStarted", "server":"akswtt11400001n"}}
{"logTime": "0528/191745", "correlationVector":"OQWcbNJ2DkZNBVbHYbrGn6.2","action":"ProcessGetUpdates", "result":"Done", "context":{"dataType":"History", "deleted":"0", "process_failed_to_decrypt":"0", "process_pending_decryption":"0", "process_success":"250", "total":"250"}}
{"logTime": "0528/191745", "correlationVector":"OQWcbNJ2DkZNBVbHYbrGn6.3","action":"GetUpdates Response", "result":"Success", "context":Received 250 update(s). cV=OQWcbNJ2DkZNBVbHYbrGn6.0;server=akswtt11400001n;cloudType=Consumer;environment=Prod_eastus_prod-s01-056-nam-eastus;migrationStage=NotStarted Some updates remain.}
{"logTime": "0528/191745", "correlationVector":"qkkyf/Hiz2BPkI3QrCqnDs","action":"Initial GetUpdates", "result":"", "context":Reason: NEWLY_SUPPORTED_DATATYPE. cV=qkkyf/Hiz2BPkI3QrCqnDs}
{"logTime": "0528/191745", "correlationVector":"qkkyf/Hiz2BPkI3QrCqnDs.1","action":"SyncServerConnectionManagerRequest", "result":"SYNC_SERVER_OK", "context":{"environment":"Prod_eastus_prod-s01-056-nam-eastus", "migrationStage":"NotStarted", "server":"akswtt11400001n"}}
{"logTime": "0528/191745", "correlationVector":"qkkyf/Hiz2BPkI3QrCqnDs.2","action":"ProcessGetUpdates", "result":"Done", "context":{"dataType":"History", "deleted":"0", "process_failed_to_decrypt":"0", "process_pending_decryption":"0", "process_success":"250", "total":"250"}}
{"logTime": "0528/191745", "correlationVector":"qkkyf/Hiz2BPkI3QrCqnDs.3","action":"GetUpdates Response", "result":"Success", "context":Received 250 update(s). cV=qkkyf/Hiz2BPkI3QrCqnDs.0;server=akswtt11400001n;cloudType=Consumer;environment=Prod_eastus_prod-s01-056-nam-eastus;migrationStage=NotStarted Some updates remain.}
{"logTime": "0528/191745", "correlationVector":"qziPiGGJpGR6xrgzzHG9tL","action":"Initial GetUpdates", "result":"", "context":Reason: NEWLY_SUPPORTED_DATATYPE. cV=qziPiGGJpGR6xrgzzHG9tL}
{"logTime": "0528/191746", "correlationVector":"qziPiGGJpGR6xrgzzHG9tL.1","action":"SyncServerConnectionManagerRequest", "result":"SYNC_SERVER_OK", "context":{"environment":"Prod_eastus_prod-s01-056-nam-eastus", "migrationStage":"NotStarted", "server":"akswtt11400000l"}}
{"logTime": "0528/191746", "correlationVector":"qziPiGGJpGR6xrgzzHG9tL.2","action":"ProcessGetUpdates", "result":"Done", "context":{"dataType":"History", "deleted":"0", "process_failed_to_decrypt":"0", "process_pending_decryption":"0", "process_success":"250", "total":"250"}}
{"logTime": "0528/191746", "correlationVector":"qziPiGGJpGR6xrgzzHG9tL.3","action":"GetUpdates Response", "result":"Success", "context":Received 250 update(s). cV=qziPiGGJpGR6xrgzzHG9tL.0;server=akswtt11400000l;cloudType=Consumer;environment=Prod_eastus_prod-s01-056-nam-eastus;migrationStage=NotStarted Some updates remain.}
{"logTime": "0528/191746", "correlationVector":"fGfvNssvQAkbnZK8h52zcD","action":"Initial GetUpdates", "result":"", "context":Reason: NEWLY_SUPPORTED_DATATYPE. cV=fGfvNssvQAkbnZK8h52zcD}
{"logTime": "0528/191748", "correlationVector":"fGfvNssvQAkbnZK8h52zcD.1","action":"SyncServerConnectionManagerRequest", "result":"SYNC_SERVER_OK", "context":{"environment":"Prod_eastus_prod-s01-056-nam-eastus", "migrationStage":"NotStarted", "server":"akswtt11400000e"}}
{"logTime": "0528/191748", "correlationVector":"fGfvNssvQAkbnZK8h52zcD.2","action":"ProcessGetUpdates", "result":"Done", "context":{"dataType":"History", "deleted":"0", "process_failed_to_decrypt":"0", "process_pending_decryption":"0", "process_success":"250", "total":"250"}}
{"logTime": "0528/191748", "correlationVector":"fGfvNssvQAkbnZK8h52zcD.3","action":"GetUpdates Response", "result":"Success", "context":Received 250 update(s). cV=fGfvNssvQAkbnZK8h52zcD.0;server=akswtt11400000e;cloudType=Consumer;environment=Prod_eastus_prod-s01-056-nam-eastus;migrationStage=NotStarted Some updates remain.}
{"logTime": "0528/191748", "correlationVector":"Zbgg2ga/i4qpjWUksJC1eq","action":"Initial GetUpdates", "result":"", "context":Reason: NEWLY_SUPPORTED_DATATYPE. cV=Zbgg2ga/i4qpjWUksJC1eq}
{"logTime": "0528/191748", "correlationVector":"Zbgg2ga/i4qpjWUksJC1eq.1","action":"SyncServerConnectionManagerRequest", "result":"SYNC_SERVER_OK", "context":{"environment":"Prod_eastus_prod-s01-056-nam-eastus", "migrationStage":"NotStarted", "server":"akswtt11400001n"}}
{"logTime": "0528/191748", "correlationVector":"Zbgg2ga/i4qpjWUksJC1eq.2","action":"ProcessGetUpdates", "result":"Done", "context":{"dataType":"History", "deleted":"0", "process_failed_to_decrypt":"0", "process_pending_decryption":"0", "process_success":"250", "total":"250"}}
{"logTime": "0528/191748", "correlationVector":"Zbgg2ga/i4qpjWUksJC1eq.3","action":"GetUpdates Response", "result":"Success", "context":Received 250 update(s). cV=Zbgg2ga/i4qpjWUksJC1eq.0;server=akswtt11400001n;cloudType=Consumer;environment=Prod_eastus_prod-s01-056-nam-eastus;migrationStage=NotStarted Some updates remain.}
{"logTime": "0528/191748", "correlationVector":"b+D6g442euwemGrgeO3dZB","action":"Initial GetUpdates", "result":"", "context":Reason: NEWLY_SUPPORTED_DATATYPE. cV=b+D6g442euwemGrgeO3dZB}
{"logTime": "0528/191749", "correlationVector":"b+D6g442euwemGrgeO3dZB.1","action":"SyncServerConnectionManagerRequest", "result":"SYNC_SERVER_OK", "context":{"environment":"Prod_eastus2_prod-s01-050-nam-eastus2", "migrationStage":"NotStarted", "server":"akswtt114000001"}}
{"logTime": "0528/191749", "correlationVector":"b+D6g442euwemGrgeO3dZB.2","action":"ProcessGetUpdates", "result":"Done", "context":{"dataType":"History", "deleted":"0", "process_failed_to_decrypt":"0", "process_pending_decryption":"0", "process_success":"250", "total":"250"}}
{"logTime": "0528/191749", "correlationVector":"b+D6g442euwemGrgeO3dZB.3","action":"GetUpdates Response", "result":"Success", "context":Received 250 update(s). cV=b+D6g442euwemGrgeO3dZB.0;server=akswtt114000001;cloudType=Consumer;environment=Prod_eastus2_prod-s01-050-nam-eastus2;migrationStage=NotStarted Some updates remain.}
{"logTime": "0528/191749", "correlationVector":"PyDspYdaHHsGR+gpUkcH/v","action":"Initial GetUpdates", "result":"", "context":Reason: NEWLY_SUPPORTED_DATATYPE. cV=PyDspYdaHHsGR+gpUkcH/v}
{"logTime": "0528/191750", "correlationVector":"PyDspYdaHHsGR+gpUkcH/v.1","action":"SyncServerConnectionManagerRequest", "result":"SYNC_SERVER_OK", "context":{"environment":"Prod_eastus2_prod-s01-050-nam-eastus2", "migrationStage":"NotStarted", "server":"akswtt114000022"}}
{"logTime": "0528/191750", "correlationVector":"PyDspYdaHHsGR+gpUkcH/v.2","action":"ProcessGetUpdates", "result":"Done", "context":{"dataType":"History", "deleted":"0", "process_failed_to_decrypt":"0", "process_pending_decryption":"0", "process_success":"250", "total":"250"}}
{"logTime": "0528/191750", "correlationVector":"PyDspYdaHHsGR+gpUkcH/v.3","action":"GetUpdates Response", "result":"Success", "context":Received 250 update(s). cV=PyDspYdaHHsGR+gpUkcH/v.0;server=akswtt114000022;cloudType=Consumer;environment=Prod_eastus2_prod-s01-050-nam-eastus2;migrationStage=NotStarted Some updates remain.}
{"logTime": "0528/191750", "correlationVector":"TAwjLvbSWOH6UmE0+KBTH+","action":"Initial GetUpdates", "result":"", "context":Reason: NEWLY_SUPPORTED_DATATYPE. cV=TAwjLvbSWOH6UmE0+KBTH+}
{"logTime": "0528/191750", "correlationVector":"TAwjLvbSWOH6UmE0+KBTH+.1","action":"SyncServerConnectionManagerRequest", "result":"SYNC_SERVER_OK", "context":{"environment":"Prod_eastus_prod-s01-056-nam-eastus", "migrationStage":"NotStarted", "server":"akswtt11400000e"}}
{"logTime": "0528/191750", "correlationVector":"TAwjLvbSWOH6UmE0+KBTH+.2","action":"ProcessGetUpdates", "result":"Done", "context":{"dataType":"History", "deleted":"0", "process_failed_to_decrypt":"0", "process_pending_decryption":"0", "process_success":"250", "total":"250"}}
{"logTime": "0528/191750", "correlationVector":"TAwjLvbSWOH6UmE0+KBTH+.3","action":"GetUpdates Response", "result":"Success", "context":Received 250 update(s). cV=TAwjLvbSWOH6UmE0+KBTH+.0;server=akswtt11400000e;cloudType=Consumer;environment=Prod_eastus_prod-s01-056-nam-eastus;migrationStage=NotStarted Some updates remain.}
{"logTime": "0528/191750", "correlationVector":"LjdEv2PlbFr2y/+dV5MEqS","action":"Initial GetUpdates", "result":"", "context":Reason: NEWLY_SUPPORTED_DATATYPE. cV=LjdEv2PlbFr2y/+dV5MEqS}
{"logTime": "0528/191751", "correlationVector":"LjdEv2PlbFr2y/+dV5MEqS.1","action":"SyncServerConnectionManagerRequest", "result":"SYNC_SERVER_OK", "context":{"environment":"Prod_eastus_prod-s01-056-nam-eastus", "migrationStage":"NotStarted", "server":"akswtt11400000l"}}
{"logTime": "0528/191751", "correlationVector":"LjdEv2PlbFr2y/+dV5MEqS.2","action":"ProcessGetUpdates", "result":"Done", "context":{"dataType":"History", "deleted":"0", "process_failed_to_decrypt":"0", "process_pending_decryption":"0", "process_success":"250", "total":"250"}}
{"logTime": "0528/191751", "correlationVector":"LjdEv2PlbFr2y/+dV5MEqS.3","action":"GetUpdates Response", "result":"Success", "context":Received 250 update(s). cV=LjdEv2PlbFr2y/+dV5MEqS.0;server=akswtt11400000l;cloudType=Consumer;environment=Prod_eastus_prod-s01-056-nam-eastus;migrationStage=NotStarted Some updates remain.}
{"logTime": "0528/191751", "correlationVector":"bzFXhvYPNW55ryjmb+/ySP","action":"Initial GetUpdates", "result":"", "context":Reason: NEWLY_SUPPORTED_DATATYPE. cV=bzFXhvYPNW55ryjmb+/ySP}
{"logTime": "0528/191751", "correlationVector":"bzFXhvYPNW55ryjmb+/ySP.1","action":"SyncServerConnectionManagerRequest", "result":"SYNC_SERVER_OK", "context":{"environment":"Prod_eastus_prod-s01-056-nam-eastus", "migrationStage":"NotStarted", "server":"akswtt11400001a"}}
{"logTime": "0528/191751", "correlationVector":"bzFXhvYPNW55ryjmb+/ySP.2","action":"ProcessGetUpdates", "result":"Done", "context":{"dataType":"History", "deleted":"0", "process_failed_to_decrypt":"0", "process_pending_decryption":"0", "process_success":"250", "total":"250"}}
{"logTime": "0528/191751", "correlationVector":"bzFXhvYPNW55ryjmb+/ySP.3","action":"GetUpdates Response", "result":"Success", "context":Received 250 update(s). cV=bzFXhvYPNW55ryjmb+/ySP.0;server=akswtt11400001a;cloudType=Consumer;environment=Prod_eastus_prod-s01-056-nam-eastus;migrationStage=NotStarted Some updates remain.}
{"logTime": "0528/191751", "correlationVector":"XfD4vKII8CU5uBs1qvYkvb","action":"Initial GetUpdates", "result":"", "context":Reason: NEWLY_SUPPORTED_DATATYPE. cV=XfD4vKII8CU5uBs1qvYkvb}
{"logTime": "0528/191752", "correlationVector":"XfD4vKII8CU5uBs1qvYkvb.1","action":"SyncServerConnectionManagerRequest", "result":"SYNC_SERVER_OK", "context":{"environment":"Prod_eastus_prod-s01-056-nam-eastus", "migrationStage":"NotStarted", "server":"akswtt11400001a"}}
{"logTime": "0528/191752", "correlationVector":"XfD4vKII8CU5uBs1qvYkvb.2","action":"ProcessGetUpdates", "result":"Done", "context":{"dataType":"History", "deleted":"0", "process_failed_to_decrypt":"0", "process_pending_decryption":"0", "process_success":"250", "total":"250"}}
{"logTime": "0528/191752", "correlationVector":"XfD4vKII8CU5uBs1qvYkvb.3","action":"GetUpdates Response", "result":"Success", "context":Received 250 update(s). cV=XfD4vKII8CU5uBs1qvYkvb.0;server=akswtt11400001a;cloudType=Consumer;environment=Prod_eastus_prod-s01-056-nam-eastus;migrationStage=NotStarted Some updates remain.}
{"logTime": "0528/191752", "correlationVector":"I0SSqv7Und3yrkBf3A1JSl","action":"Initial GetUpdates", "result":"", "context":Reason: NEWLY_SUPPORTED_DATATYPE. cV=I0SSqv7Und3yrkBf3A1JSl}
{"logTime": "0528/191752", "correlationVector":"I0SSqv7Und3yrkBf3A1JSl.1","action":"SyncServerConnectionManagerRequest", "result":"SYNC_SERVER_OK", "context":{"environment":"Prod_eastus_prod-s01-056-nam-eastus", "migrationStage":"NotStarted", "server":"akswtt114000009"}}
{"logTime": "0528/191752", "correlationVector":"I0SSqv7Und3yrkBf3A1JSl.2","action":"ProcessGetUpdates", "result":"Done", "context":{"dataType":"History", "deleted":"0", "process_failed_to_decrypt":"0", "process_pending_decryption":"0", "process_success":"250", "total":"250"}}
{"logTime": "0528/191752", "correlationVector":"I0SSqv7Und3yrkBf3A1JSl.3","action":"GetUpdates Response", "result":"Success", "context":Received 250 update(s). cV=I0SSqv7Und3yrkBf3A1JSl.0;server=akswtt114000009;cloudType=Consumer;environment=Prod_eastus_prod-s01-056-nam-eastus;migrationStage=NotStarted Some updates remain.}
{"logTime": "0528/191752", "correlationVector":"dFXM7ZHxSIiiE6lwAq9kOD","action":"Initial GetUpdates", "result":"", "context":Reason: NEWLY_SUPPORTED_DATATYPE. cV=dFXM7ZHxSIiiE6lwAq9kOD}
{"logTime": "0528/191752", "correlationVector":"dFXM7ZHxSIiiE6lwAq9kOD.1","action":"SyncServerConnectionManagerRequest", "result":"SYNC_SERVER_OK", "context":{"environment":"Prod_eastus_prod-s01-056-nam-eastus", "migrationStage":"NotStarted", "server":"akswtt11400001i"}}
{"logTime": "0528/191752", "correlationVector":"dFXM7ZHxSIiiE6lwAq9kOD.2","action":"ProcessGetUpdates", "result":"Done", "context":{"dataType":"History", "deleted":"0", "process_failed_to_decrypt":"0", "process_pending_decryption":"0", "process_success":"250", "total":"250"}}
{"logTime": "0528/191752", "correlationVector":"dFXM7ZHxSIiiE6lwAq9kOD.3","action":"GetUpdates Response", "result":"Success", "context":Received 250 update(s). cV=dFXM7ZHxSIiiE6lwAq9kOD.0;server=akswtt11400001i;cloudType=Consumer;environment=Prod_eastus_prod-s01-056-nam-eastus;migrationStage=NotStarted Some updates remain.}
{"logTime": "0528/191752", "correlationVector":"UwAd4wVk7Ux+bLl1eMChxz","action":"Initial GetUpdates", "result":"", "context":Reason: NEWLY_SUPPORTED_DATATYPE. cV=UwAd4wVk7Ux+bLl1eMChxz}
{"logTime": "0528/191753", "correlationVector":"UwAd4wVk7Ux+bLl1eMChxz.1","action":"SyncServerConnectionManagerRequest", "result":"SYNC_SERVER_OK", "context":{"environment":"Prod_eastus_prod-s01-056-nam-eastus", "migrationStage":"NotStarted", "server":"akswtt114000005"}}
{"logTime": "0528/191753", "correlationVector":"UwAd4wVk7Ux+bLl1eMChxz.2","action":"ProcessGetUpdates", "result":"Done", "context":{"dataType":"History", "deleted":"0", "process_failed_to_decrypt":"0", "process_pending_decryption":"0", "process_success":"250", "total":"250"}}
{"logTime": "0528/191753", "correlationVector":"UwAd4wVk7Ux+bLl1eMChxz.3","action":"GetUpdates Response", "result":"Success", "context":Received 250 update(s). cV=UwAd4wVk7Ux+bLl1eMChxz.0;server=akswtt114000005;cloudType=Consumer;environment=Prod_eastus_prod-s01-056-nam-eastus;migrationStage=NotStarted Some updates remain.}
{"logTime": "0528/191753", "correlationVector":"Dm3WZTtwzf7iuNm28afr5Q","action":"Initial GetUpdates", "result":"", "context":Reason: NEWLY_SUPPORTED_DATATYPE. cV=Dm3WZTtwzf7iuNm28afr5Q}
{"logTime": "0528/191753", "correlationVector":"Dm3WZTtwzf7iuNm28afr5Q.1","action":"SyncServerConnectionManagerRequest", "result":"SYNC_SERVER_OK", "context":{"environment":"Prod_eastus_prod-s01-056-nam-eastus", "migrationStage":"NotStarted", "server":"akswtt11400001n"}}
{"logTime": "0528/191753", "correlationVector":"Dm3WZTtwzf7iuNm28afr5Q.2","action":"ProcessGetUpdates", "result":"Done", "context":{"dataType":"History", "deleted":"0", "process_failed_to_decrypt":"0", "process_pending_decryption":"0", "process_success":"250", "total":"250"}}
{"logTime": "0528/191753", "correlationVector":"Dm3WZTtwzf7iuNm28afr5Q.3","action":"GetUpdates Response", "result":"Success", "context":Received 250 update(s). cV=Dm3WZTtwzf7iuNm28afr5Q.0;server=akswtt11400001n;cloudType=Consumer;environment=Prod_eastus_prod-s01-056-nam-eastus;migrationStage=NotStarted Some updates remain.}
{"logTime": "0528/191753", "correlationVector":"m7zEQPm0wl+fBDUL/CqQ+/","action":"Initial GetUpdates", "result":"", "context":Reason: NEWLY_SUPPORTED_DATATYPE. cV=m7zEQPm0wl+fBDUL/CqQ+/}
{"logTime": "0528/191753", "correlationVector":"m7zEQPm0wl+fBDUL/CqQ+/.1","action":"SyncServerConnectionManagerRequest", "result":"SYNC_SERVER_OK", "context":{"environment":"Prod_eastus_prod-s01-056-nam-eastus", "migrationStage":"NotStarted", "server":"akswtt114000009"}}
{"logTime": "0528/191753", "correlationVector":"m7zEQPm0wl+fBDUL/CqQ+/.2","action":"ProcessGetUpdates", "result":"Done", "context":{"dataType":"History", "deleted":"0", "process_failed_to_decrypt":"0", "process_pending_decryption":"0", "process_success":"250", "total":"250"}}
{"logTime": "0528/191753", "correlationVector":"m7zEQPm0wl+fBDUL/CqQ+/.3","action":"GetUpdates Response", "result":"Success", "context":Received 250 update(s). cV=m7zEQPm0wl+fBDUL/CqQ+/.0;server=akswtt114000009;cloudType=Consumer;environment=Prod_eastus_prod-s01-056-nam-eastus;migrationStage=NotStarted Some updates remain.}
{"logTime": "0528/191753", "correlationVector":"NzQCQvjd/Pr/8H8dEVcPF7","action":"Initial GetUpdates", "result":"", "context":Reason: NEWLY_SUPPORTED_DATATYPE. cV=NzQCQvjd/Pr/8H8dEVcPF7}
{"logTime": "0528/191753", "correlationVector":"NzQCQvjd/Pr/8H8dEVcPF7.1","action":"SyncServerConnectionManagerRequest", "result":"SYNC_SERVER_OK", "context":{"environment":"Prod_eastus_prod-s01-056-nam-eastus", "migrationStage":"NotStarted", "server":"akswtt11400001k"}}
{"logTime": "0528/191753", "correlationVector":"NzQCQvjd/Pr/8H8dEVcPF7.2","action":"ProcessGetUpdates", "result":"Done", "context":{"dataType":"History", "deleted":"0", "process_failed_to_decrypt":"0", "process_pending_decryption":"0", "process_success":"250", "total":"250"}}
{"logTime": "0528/191753", "correlationVector":"NzQCQvjd/Pr/8H8dEVcPF7.3","action":"GetUpdates Response", "result":"Success", "context":Received 250 update(s). cV=NzQCQvjd/Pr/8H8dEVcPF7.0;server=akswtt11400001k;cloudType=Consumer;environment=Prod_eastus_prod-s01-056-nam-eastus;migrationStage=NotStarted Some updates remain.}
{"logTime": "0528/191754", "correlationVector":"AIoM1bEzjXgj1BH6ULRMqm","action":"Initial GetUpdates", "result":"", "context":Reason: NEWLY_SUPPORTED_DATATYPE. cV=AIoM1bEzjXgj1BH6ULRMqm}
{"logTime": "0528/191754", "correlationVector":"AIoM1bEzjXgj1BH6ULRMqm.1","action":"SyncServerConnectionManagerRequest", "result":"SYNC_SERVER_OK", "context":{"environment":"Prod_eastus_prod-s01-056-nam-eastus", "migrationStage":"NotStarted", "server":"akswtt11400001g"}}
{"logTime": "0528/191754", "correlationVector":"AIoM1bEzjXgj1BH6ULRMqm.2","action":"ProcessGetUpdates", "result":"Done", "context":{"dataType":"History", "deleted":"0", "process_failed_to_decrypt":"0", "process_pending_decryption":"0", "process_success":"250", "total":"250"}}
{"logTime": "0528/191754", "correlationVector":"AIoM1bEzjXgj1BH6ULRMqm.3","action":"GetUpdates Response", "result":"Success", "context":Received 250 update(s). cV=AIoM1bEzjXgj1BH6ULRMqm.0;server=akswtt11400001g;cloudType=Consumer;environment=Prod_eastus_prod-s01-056-nam-eastus;migrationStage=NotStarted Some updates remain.}
{"logTime": "0528/191754", "correlationVector":"B4OAvmAIyuFSEKkeaxPeEL","action":"Initial GetUpdates", "result":"", "context":Reason: NEWLY_SUPPORTED_DATATYPE. cV=B4OAvmAIyuFSEKkeaxPeEL}
{"logTime": "0528/191754", "correlationVector":"B4OAvmAIyuFSEKkeaxPeEL.1","action":"SyncServerConnectionManagerRequest", "result":"SYNC_SERVER_OK", "context":{"environment":"Prod_eastus_prod-s01-056-nam-eastus", "migrationStage":"NotStarted", "server":"akswtt11400000e"}}
{"logTime": "0528/191754", "correlationVector":"B4OAvmAIyuFSEKkeaxPeEL.2","action":"ProcessGetUpdates", "result":"Done", "context":{"dataType":"History", "deleted":"0", "process_failed_to_decrypt":"0", "process_pending_decryption":"0", "process_success":"250", "total":"250"}}
{"logTime": "0528/191754", "correlationVector":"B4OAvmAIyuFSEKkeaxPeEL.3","action":"GetUpdates Response", "result":"Success", "context":Received 250 update(s). cV=B4OAvmAIyuFSEKkeaxPeEL.0;server=akswtt11400000e;cloudType=Consumer;environment=Prod_eastus_prod-s01-056-nam-eastus;migrationStage=NotStarted Some updates remain.}
{"logTime": "0528/191754", "correlationVector":"I0Sdw64Hm4zhk8iR2K57Rc","action":"Initial GetUpdates", "result":"", "context":Reason: NEWLY_SUPPORTED_DATATYPE. cV=I0Sdw64Hm4zhk8iR2K57Rc}
{"logTime": "0528/191754", "correlationVector":"I0Sdw64Hm4zhk8iR2K57Rc.1","action":"SyncServerConnectionManagerRequest", "result":"SYNC_SERVER_OK", "context":{"environment":"Prod_eastus_prod-s01-056-nam-eastus", "migrationStage":"NotStarted", "server":"akswtt114000005"}}
{"logTime": "0528/191754", "correlationVector":"I0Sdw64Hm4zhk8iR2K57Rc.2","action":"ProcessGetUpdates", "result":"Done", "context":{"dataType":"History", "deleted":"0", "process_failed_to_decrypt":"0", "process_pending_decryption":"0", "process_success":"250", "total":"250"}}
{"logTime": "0528/191754", "correlationVector":"I0Sdw64Hm4zhk8iR2K57Rc.3","action":"GetUpdates Response", "result":"Success", "context":Received 250 update(s). cV=I0Sdw64Hm4zhk8iR2K57Rc.0;server=akswtt114000005;cloudType=Consumer;environment=Prod_eastus_prod-s01-056-nam-eastus;migrationStage=NotStarted Some updates remain.}
{"logTime": "0528/191754", "correlationVector":"a1NVdn98OH2Ua/3s6ljNNS","action":"Initial GetUpdates", "result":"", "context":Reason: NEWLY_SUPPORTED_DATATYPE. cV=a1NVdn98OH2Ua/3s6ljNNS}
{"logTime": "0528/191755", "correlationVector":"a1NVdn98OH2Ua/3s6ljNNS.1","action":"SyncServerConnectionManagerRequest", "result":"SYNC_SERVER_OK", "context":{"environment":"Prod_eastus2_prod-s01-050-nam-eastus2", "migrationStage":"NotStarted", "server":"akswtt114000001"}}
{"logTime": "0528/191755", "correlationVector":"a1NVdn98OH2Ua/3s6ljNNS.2","action":"ProcessGetUpdates", "result":"Done", "context":{"dataType":"History", "deleted":"0", "process_failed_to_decrypt":"0", "process_pending_decryption":"0", "process_success":"250", "total":"250"}}
{"logTime": "0528/191755", "correlationVector":"a1NVdn98OH2Ua/3s6ljNNS.3","action":"GetUpdates Response", "result":"Success", "context":Received 250 update(s). cV=a1NVdn98OH2Ua/3s6ljNNS.0;server=akswtt114000001;cloudType=Consumer;environment=Prod_eastus2_prod-s01-050-nam-eastus2;migrationStage=NotStarted Some updates remain.}
{"logTime": "0528/191755", "correlationVector":"UTcelMmej76rB4bWjaO3b4","action":"Initial GetUpdates", "result":"", "context":Reason: NEWLY_SUPPORTED_DATATYPE. cV=UTcelMmej76rB4bWjaO3b4}
{"logTime": "0528/191756", "correlationVector":"UTcelMmej76rB4bWjaO3b4.1","action":"SyncServerConnectionManagerRequest", "result":"SYNC_SERVER_OK", "context":{"environment":"Prod_eastus_prod-s01-056-nam-eastus", "migrationStage":"NotStarted", "server":"akswtt114000009"}}
{"logTime": "0528/191756", "correlationVector":"UTcelMmej76rB4bWjaO3b4.2","action":"ProcessGetUpdates", "result":"Done", "context":{"dataType":"History", "deleted":"0", "process_failed_to_decrypt":"0", "process_pending_decryption":"0", "process_success":"250", "total":"250"}}
{"logTime": "0528/191756", "correlationVector":"UTcelMmej76rB4bWjaO3b4.3","action":"GetUpdates Response", "result":"Success", "context":Received 250 update(s). cV=UTcelMmej76rB4bWjaO3b4.0;server=akswtt114000009;cloudType=Consumer;environment=Prod_eastus_prod-s01-056-nam-eastus;migrationStage=NotStarted Some updates remain.}
{"logTime": "0528/191756", "correlationVector":"uwKBVBx5dvzxJ21aXMjseF","action":"Initial GetUpdates", "result":"", "context":Reason: NEWLY_SUPPORTED_DATATYPE. cV=uwKBVBx5dvzxJ21aXMjseF}
{"logTime": "0528/191756", "correlationVector":"uwKBVBx5dvzxJ21aXMjseF.1","action":"SyncServerConnectionManagerRequest", "result":"SYNC_SERVER_OK", "context":{"environment":"Prod_eastus_prod-s01-056-nam-eastus", "migrationStage":"NotStarted", "server":"akswtt11400001l"}}
{"logTime": "0528/191756", "correlationVector":"uwKBVBx5dvzxJ21aXMjseF.2","action":"ProcessGetUpdates", "result":"Done", "context":{"dataType":"History", "deleted":"0", "process_failed_to_decrypt":"0", "process_pending_decryption":"0", "process_success":"250", "total":"250"}}
{"logTime": "0528/191756", "correlationVector":"uwKBVBx5dvzxJ21aXMjseF.3","action":"GetUpdates Response", "result":"Success", "context":Received 250 update(s). cV=uwKBVBx5dvzxJ21aXMjseF.0;server=akswtt11400001l;cloudType=Consumer;environment=Prod_eastus_prod-s01-056-nam-eastus;migrationStage=NotStarted Some updates remain.}
{"logTime": "0528/191756", "correlationVector":"Mj6i+griNEVWJbdHAmpkvD","action":"Initial GetUpdates", "result":"", "context":Reason: NEWLY_SUPPORTED_DATATYPE. cV=Mj6i+griNEVWJbdHAmpkvD}
{"logTime": "0528/191756", "correlationVector":"Mj6i+griNEVWJbdHAmpkvD.1","action":"SyncServerConnectionManagerRequest", "result":"SYNC_SERVER_OK", "context":{"environment":"Prod_eastus_prod-s01-056-nam-eastus", "migrationStage":"NotStarted", "server":"akswtt11400001k"}}
{"logTime": "0528/191756", "correlationVector":"Mj6i+griNEVWJbdHAmpkvD.2","action":"ProcessGetUpdates", "result":"Done", "context":{"dataType":"History", "deleted":"0", "process_failed_to_decrypt":"0", "process_pending_decryption":"0", "process_success":"250", "total":"250"}}
{"logTime": "0528/191756", "correlationVector":"Mj6i+griNEVWJbdHAmpkvD.3","action":"GetUpdates Response", "result":"Success", "context":Received 250 update(s). cV=Mj6i+griNEVWJbdHAmpkvD.0;server=akswtt11400001k;cloudType=Consumer;environment=Prod_eastus_prod-s01-056-nam-eastus;migrationStage=NotStarted Some updates remain.}
{"logTime": "0528/191756", "correlationVector":"3dJKsS79gVup119g4VOcxR","action":"Initial GetUpdates", "result":"", "context":Reason: NEWLY_SUPPORTED_DATATYPE. cV=3dJKsS79gVup119g4VOcxR}
{"logTime": "0528/191756", "correlationVector":"3dJKsS79gVup119g4VOcxR.1","action":"SyncServerConnectionManagerRequest", "result":"SYNC_SERVER_OK", "context":{"environment":"Prod_eastus_prod-s01-056-nam-eastus", "migrationStage":"NotStarted", "server":"akswtt11400001l"}}
{"logTime": "0528/191756", "correlationVector":"3dJKsS79gVup119g4VOcxR.2","action":"ProcessGetUpdates", "result":"Done", "context":{"dataType":"History", "deleted":"0", "process_failed_to_decrypt":"0", "process_pending_decryption":"0", "process_success":"250", "total":"250"}}
{"logTime": "0528/191756", "correlationVector":"3dJKsS79gVup119g4VOcxR.3","action":"GetUpdates Response", "result":"Success", "context":Received 250 update(s). cV=3dJKsS79gVup119g4VOcxR.0;server=akswtt11400001l;cloudType=Consumer;environment=Prod_eastus_prod-s01-056-nam-eastus;migrationStage=NotStarted Some updates remain.}
{"logTime": "0528/191756", "correlationVector":"RJhxqqPEdhpo/0gzcSu5iI","action":"Initial GetUpdates", "result":"", "context":Reason: NEWLY_SUPPORTED_DATATYPE. cV=RJhxqqPEdhpo/0gzcSu5iI}
{"logTime": "0528/191757", "correlationVector":"RJhxqqPEdhpo/0gzcSu5iI.1","action":"SyncServerConnectionManagerRequest", "result":"SYNC_SERVER_OK", "context":{"environment":"Prod_eastus_prod-s01-056-nam-eastus", "migrationStage":"NotStarted", "server":"akswtt11400001k"}}
{"logTime": "0528/191757", "correlationVector":"RJhxqqPEdhpo/0gzcSu5iI.2","action":"ProcessGetUpdates", "result":"Done", "context":{"dataType":"History", "deleted":"0", "process_failed_to_decrypt":"0", "process_pending_decryption":"0", "process_success":"250", "total":"250"}}
{"logTime": "0528/191757", "correlationVector":"RJhxqqPEdhpo/0gzcSu5iI.3","action":"GetUpdates Response", "result":"Success", "context":Received 250 update(s). cV=RJhxqqPEdhpo/0gzcSu5iI.0;server=akswtt11400001k;cloudType=Consumer;environment=Prod_eastus_prod-s01-056-nam-eastus;migrationStage=NotStarted Some updates remain.}
{"logTime": "0528/191757", "correlationVector":"hAKecYT3mNAva1u4klh9L8","action":"Initial GetUpdates", "result":"", "context":Reason: NEWLY_SUPPORTED_DATATYPE. cV=hAKecYT3mNAva1u4klh9L8}
{"logTime": "0528/191757", "correlationVector":"hAKecYT3mNAva1u4klh9L8.1","action":"SyncServerConnectionManagerRequest", "result":"SYNC_SERVER_OK", "context":{"environment":"Prod_eastus_prod-s01-056-nam-eastus", "migrationStage":"NotStarted", "server":"akswtt11400001k"}}
{"logTime": "0528/191757", "correlationVector":"hAKecYT3mNAva1u4klh9L8.2","action":"ProcessGetUpdates", "result":"Done", "context":{"dataType":"History", "deleted":"0", "process_failed_to_decrypt":"0", "process_pending_decryption":"0", "process_success":"250", "total":"250"}}
{"logTime": "0528/191757", "correlationVector":"hAKecYT3mNAva1u4klh9L8.3","action":"GetUpdates Response", "result":"Success", "context":Received 250 update(s). cV=hAKecYT3mNAva1u4klh9L8.0;server=akswtt11400001k;cloudType=Consumer;environment=Prod_eastus_prod-s01-056-nam-eastus;migrationStage=NotStarted Some updates remain.}
{"logTime": "0528/191757", "correlationVector":"vsh0crIemquJmcnuF1skbQ","action":"Initial GetUpdates", "result":"", "context":Reason: NEWLY_SUPPORTED_DATATYPE. cV=vsh0crIemquJmcnuF1skbQ}
{"logTime": "0528/191757", "correlationVector":"vsh0crIemquJmcnuF1skbQ.1","action":"SyncServerConnectionManagerRequest", "result":"SYNC_SERVER_OK", "context":{"environment":"Prod_eastus2_prod-s01-050-nam-eastus2", "migrationStage":"NotStarted", "server":"akswtt11400000g"}}
{"logTime": "0528/191757", "correlationVector":"vsh0crIemquJmcnuF1skbQ.2","action":"ProcessGetUpdates", "result":"Done", "context":{"dataType":"History", "deleted":"0", "process_failed_to_decrypt":"0", "process_pending_decryption":"0", "process_success":"250", "total":"250"}}
{"logTime": "0528/191757", "correlationVector":"vsh0crIemquJmcnuF1skbQ.3","action":"GetUpdates Response", "result":"Success", "context":Received 250 update(s). cV=vsh0crIemquJmcnuF1skbQ.0;server=akswtt11400000g;cloudType=Consumer;environment=Prod_eastus2_prod-s01-050-nam-eastus2;migrationStage=NotStarted Some updates remain.}
{"logTime": "0528/191757", "correlationVector":"N6miw1Y/OE8SL5nUIZZvO9","action":"Initial GetUpdates", "result":"", "context":Reason: NEWLY_SUPPORTED_DATATYPE. cV=N6miw1Y/OE8SL5nUIZZvO9}
{"logTime": "0528/191758", "correlationVector":"N6miw1Y/OE8SL5nUIZZvO9.1","action":"SyncServerConnectionManagerRequest", "result":"SYNC_SERVER_OK", "context":{"environment":"Prod_eastus_prod-s01-056-nam-eastus", "migrationStage":"NotStarted", "server":"akswtt114000009"}}
{"logTime": "0528/191758", "correlationVector":"N6miw1Y/OE8SL5nUIZZvO9.2","action":"ProcessGetUpdates", "result":"Done", "context":{"dataType":"History", "deleted":"0", "process_failed_to_decrypt":"0", "process_pending_decryption":"0", "process_success":"250", "total":"250"}}
{"logTime": "0528/191758", "correlationVector":"N6miw1Y/OE8SL5nUIZZvO9.3","action":"GetUpdates Response", "result":"Success", "context":Received 250 update(s). cV=N6miw1Y/OE8SL5nUIZZvO9.0;server=akswtt114000009;cloudType=Consumer;environment=Prod_eastus_prod-s01-056-nam-eastus;migrationStage=NotStarted Some updates remain.}
{"logTime": "0528/191758", "correlationVector":"GGJ87lLvPESZ1FddCheNto","action":"Initial GetUpdates", "result":"", "context":Reason: NEWLY_SUPPORTED_DATATYPE. cV=GGJ87lLvPESZ1FddCheNto}
{"logTime": "0528/191758", "correlationVector":"GGJ87lLvPESZ1FddCheNto.1","action":"SyncServerConnectionManagerRequest", "result":"SYNC_SERVER_OK", "context":{"environment":"Prod_eastus_prod-s01-056-nam-eastus", "migrationStage":"NotStarted", "server":"akswtt114000009"}}
{"logTime": "0528/191758", "correlationVector":"GGJ87lLvPESZ1FddCheNto.2","action":"ProcessGetUpdates", "result":"Done", "context":{"dataType":"History", "deleted":"0", "process_failed_to_decrypt":"0", "process_pending_decryption":"0", "process_success":"250", "total":"250"}}
{"logTime": "0528/191758", "correlationVector":"GGJ87lLvPESZ1FddCheNto.3","action":"GetUpdates Response", "result":"Success", "context":Received 250 update(s). cV=GGJ87lLvPESZ1FddCheNto.0;server=akswtt114000009;cloudType=Consumer;environment=Prod_eastus_prod-s01-056-nam-eastus;migrationStage=NotStarted Some updates remain.}
{"logTime": "0528/191758", "correlationVector":"PCbOh23QFhcB6UztEn3hJ5","action":"Initial GetUpdates", "result":"", "context":Reason: NEWLY_SUPPORTED_DATATYPE. cV=PCbOh23QFhcB6UztEn3hJ5}
{"logTime": "0528/191758", "correlationVector":"PCbOh23QFhcB6UztEn3hJ5.1","action":"SyncServerConnectionManagerRequest", "result":"SYNC_SERVER_OK", "context":{"environment":"Prod_eastus_prod-s01-056-nam-eastus", "migrationStage":"NotStarted", "server":"akswtt11400001h"}}
{"logTime": "0528/191758", "correlationVector":"PCbOh23QFhcB6UztEn3hJ5.2","action":"ProcessGetUpdates", "result":"Done", "context":{"dataType":"History", "deleted":"0", "process_failed_to_decrypt":"0", "process_pending_decryption":"0", "process_success":"250", "total":"250"}}
{"logTime": "0528/191758", "correlationVector":"PCbOh23QFhcB6UztEn3hJ5.3","action":"GetUpdates Response", "result":"Success", "context":Received 250 update(s). cV=PCbOh23QFhcB6UztEn3hJ5.0;server=akswtt11400001h;cloudType=Consumer;environment=Prod_eastus_prod-s01-056-nam-eastus;migrationStage=NotStarted Some updates remain.}
{"logTime": "0528/191758", "correlationVector":"MAeJQAnhDYi/0uhI8s1arD","action":"Initial GetUpdates", "result":"", "context":Reason: NEWLY_SUPPORTED_DATATYPE. cV=MAeJQAnhDYi/0uhI8s1arD}
{"logTime": "0528/191758", "correlationVector":"MAeJQAnhDYi/0uhI8s1arD.1","action":"SyncServerConnectionManagerRequest", "result":"SYNC_SERVER_OK", "context":{"environment":"Prod_eastus_prod-s01-056-nam-eastus", "migrationStage":"NotStarted", "server":"akswtt11400000n"}}
{"logTime": "0528/191758", "correlationVector":"MAeJQAnhDYi/0uhI8s1arD.2","action":"ProcessGetUpdates", "result":"Done", "context":{"dataType":"History", "deleted":"0", "process_failed_to_decrypt":"0", "process_pending_decryption":"0", "process_success":"250", "total":"250"}}
{"logTime": "0528/191758", "correlationVector":"MAeJQAnhDYi/0uhI8s1arD.3","action":"GetUpdates Response", "result":"Success", "context":Received 250 update(s). cV=MAeJQAnhDYi/0uhI8s1arD.0;server=akswtt11400000n;cloudType=Consumer;environment=Prod_eastus_prod-s01-056-nam-eastus;migrationStage=NotStarted Some updates remain.}
{"logTime": "0528/191758", "correlationVector":"513X0TztjVde02ahjn6k/H","action":"Initial GetUpdates", "result":"", "context":Reason: NEWLY_SUPPORTED_DATATYPE. cV=513X0TztjVde02ahjn6k/H}
{"logTime": "0528/191758", "correlationVector":"513X0TztjVde02ahjn6k/H.1","action":"SyncServerConnectionManagerRequest", "result":"SYNC_SERVER_OK", "context":{"environment":"Prod_eastus_prod-s01-056-nam-eastus", "migrationStage":"NotStarted", "server":"akswtt11400001g"}}
{"logTime": "0528/191758", "correlationVector":"513X0TztjVde02ahjn6k/H.2","action":"ProcessGetUpdates", "result":"Done", "context":{"dataType":"History", "deleted":"0", "process_failed_to_decrypt":"0", "process_pending_decryption":"0", "process_success":"250", "total":"250"}}
{"logTime": "0528/191758", "correlationVector":"513X0TztjVde02ahjn6k/H.3","action":"GetUpdates Response", "result":"Success", "context":Received 250 update(s). cV=513X0TztjVde02ahjn6k/H.0;server=akswtt11400001g;cloudType=Consumer;environment=Prod_eastus_prod-s01-056-nam-eastus;migrationStage=NotStarted Some updates remain.}
{"logTime": "0528/191758", "correlationVector":"3oCCZxZbVJLeiX71X3VyJ4","action":"Initial GetUpdates", "result":"", "context":Reason: NEWLY_SUPPORTED_DATATYPE. cV=3oCCZxZbVJLeiX71X3VyJ4}
{"logTime": "0528/191759", "correlationVector":"3oCCZxZbVJLeiX71X3VyJ4.1","action":"SyncServerConnectionManagerRequest", "result":"SYNC_SERVER_OK", "context":{"environment":"Prod_eastus_prod-s01-056-nam-eastus", "migrationStage":"NotStarted", "server":"akswtt11400001a"}}
{"logTime": "0528/191759", "correlationVector":"3oCCZxZbVJLeiX71X3VyJ4.2","action":"ProcessGetUpdates", "result":"Done", "context":{"dataType":"History", "deleted":"0", "process_failed_to_decrypt":"0", "process_pending_decryption":"0", "process_success":"250", "total":"250"}}
{"logTime": "0528/191759", "correlationVector":"3oCCZxZbVJLeiX71X3VyJ4.3","action":"GetUpdates Response", "result":"Success", "context":Received 250 update(s). cV=3oCCZxZbVJLeiX71X3VyJ4.0;server=akswtt11400001a;cloudType=Consumer;environment=Prod_eastus_prod-s01-056-nam-eastus;migrationStage=NotStarted Some updates remain.}
{"logTime": "0528/191759", "correlationVector":"NMtZshTwUiHs0TeKV8HrEp","action":"Initial GetUpdates", "result":"", "context":Reason: NEWLY_SUPPORTED_DATATYPE. cV=NMtZshTwUiHs0TeKV8HrEp}
{"logTime": "0528/191759", "correlationVector":"NMtZshTwUiHs0TeKV8HrEp.1","action":"SyncServerConnectionManagerRequest", "result":"SYNC_SERVER_OK", "context":{"environment":"Prod_eastus_prod-s01-056-nam-eastus", "migrationStage":"NotStarted", "server":"akswtt114000009"}}
{"logTime": "0528/191759", "correlationVector":"NMtZshTwUiHs0TeKV8HrEp.2","action":"ProcessGetUpdates", "result":"Done", "context":{"dataType":"History", "deleted":"0", "process_failed_to_decrypt":"0", "process_pending_decryption":"0", "process_success":"250", "total":"250"}}
{"logTime": "0528/191759", "correlationVector":"NMtZshTwUiHs0TeKV8HrEp.3","action":"GetUpdates Response", "result":"Success", "context":Received 250 update(s). cV=NMtZshTwUiHs0TeKV8HrEp.0;server=akswtt114000009;cloudType=Consumer;environment=Prod_eastus_prod-s01-056-nam-eastus;migrationStage=NotStarted Some updates remain.}
{"logTime": "0528/191759", "correlationVector":"XiYWqoSMGQy0ZvVolt65s1","action":"Initial GetUpdates", "result":"", "context":Reason: NEWLY_SUPPORTED_DATATYPE. cV=XiYWqoSMGQy0ZvVolt65s1}
{"logTime": "0528/191759", "correlationVector":"XiYWqoSMGQy0ZvVolt65s1.1","action":"SyncServerConnectionManagerRequest", "result":"SYNC_SERVER_OK", "context":{"environment":"Prod_eastus_prod-s01-056-nam-eastus", "migrationStage":"NotStarted", "server":"akswtt11400000x"}}
{"logTime": "0528/191759", "correlationVector":"XiYWqoSMGQy0ZvVolt65s1.2","action":"ProcessGetUpdates", "result":"Done", "context":{"dataType":"History", "deleted":"0", "process_failed_to_decrypt":"0", "process_pending_decryption":"0", "process_success":"250", "total":"250"}}
{"logTime": "0528/191759", "correlationVector":"XiYWqoSMGQy0ZvVolt65s1.3","action":"GetUpdates Response", "result":"Success", "context":Received 250 update(s). cV=XiYWqoSMGQy0ZvVolt65s1.0;server=akswtt11400000x;cloudType=Consumer;environment=Prod_eastus_prod-s01-056-nam-eastus;migrationStage=NotStarted Some updates remain.}
{"logTime": "0528/191759", "correlationVector":"usCuj7R0VO1rgvGc9Z/+TB","action":"Initial GetUpdates", "result":"", "context":Reason: NEWLY_SUPPORTED_DATATYPE. cV=usCuj7R0VO1rgvGc9Z/+TB}
{"logTime": "0528/191759", "correlationVector":"usCuj7R0VO1rgvGc9Z/+TB.1","action":"SyncServerConnectionManagerRequest", "result":"SYNC_SERVER_OK", "context":{"environment":"Prod_eastus_prod-s01-056-nam-eastus", "migrationStage":"NotStarted", "server":"akswtt114000005"}}
{"logTime": "0528/191759", "correlationVector":"usCuj7R0VO1rgvGc9Z/+TB.2","action":"ProcessGetUpdates", "result":"Done", "context":{"dataType":"History", "deleted":"0", "process_failed_to_decrypt":"0", "process_pending_decryption":"0", "process_success":"250", "total":"250"}}
{"logTime": "0528/191759", "correlationVector":"usCuj7R0VO1rgvGc9Z/+TB.3","action":"GetUpdates Response", "result":"Success", "context":Received 250 update(s). cV=usCuj7R0VO1rgvGc9Z/+TB.0;server=akswtt114000005;cloudType=Consumer;environment=Prod_eastus_prod-s01-056-nam-eastus;migrationStage=NotStarted Some updates remain.}
{"logTime": "0528/191759", "correlationVector":"t1+j5rsVg+ZmsxHXLYHL7E","action":"Initial GetUpdates", "result":"", "context":Reason: NEWLY_SUPPORTED_DATATYPE. cV=t1+j5rsVg+ZmsxHXLYHL7E}
{"logTime": "0528/191800", "correlationVector":"t1+j5rsVg+ZmsxHXLYHL7E.1","action":"SyncServerConnectionManagerRequest", "result":"SYNC_SERVER_OK", "context":{"environment":"Prod_eastus_prod-s01-056-nam-eastus", "migrationStage":"NotStarted", "server":"akswtt11400000l"}}
{"logTime": "0528/191800", "correlationVector":"t1+j5rsVg+ZmsxHXLYHL7E.2","action":"ProcessGetUpdates", "result":"Done", "context":{"dataType":"History", "deleted":"0", "process_failed_to_decrypt":"0", "process_pending_decryption":"0", "process_success":"250", "total":"250"}}
{"logTime": "0528/191800", "correlationVector":"t1+j5rsVg+ZmsxHXLYHL7E.3","action":"GetUpdates Response", "result":"Success", "context":Received 250 update(s). cV=t1+j5rsVg+ZmsxHXLYHL7E.0;server=akswtt11400000l;cloudType=Consumer;environment=Prod_eastus_prod-s01-056-nam-eastus;migrationStage=NotStarted Some updates remain.}
{"logTime": "0528/191800", "correlationVector":"jS+sJCPtxsaAlNY5FgFWVE","action":"Initial GetUpdates", "result":"", "context":Reason: NEWLY_SUPPORTED_DATATYPE. cV=jS+sJCPtxsaAlNY5FgFWVE}
{"logTime": "0528/191800", "correlationVector":"jS+sJCPtxsaAlNY5FgFWVE.1","action":"SyncServerConnectionManagerRequest", "result":"SYNC_SERVER_OK", "context":{"environment":"Prod_eastus_prod-s01-056-nam-eastus", "migrationStage":"NotStarted", "server":"akswtt11400000m"}}
{"logTime": "0528/191800", "correlationVector":"jS+sJCPtxsaAlNY5FgFWVE.2","action":"ProcessGetUpdates", "result":"Done", "context":{"dataType":"History", "deleted":"0", "process_failed_to_decrypt":"0", "process_pending_decryption":"0", "process_success":"250", "total":"250"}}
{"logTime": "0528/191800", "correlationVector":"jS+sJCPtxsaAlNY5FgFWVE.3","action":"GetUpdates Response", "result":"Success", "context":Received 250 update(s). cV=jS+sJCPtxsaAlNY5FgFWVE.0;server=akswtt11400000m;cloudType=Consumer;environment=Prod_eastus_prod-s01-056-nam-eastus;migrationStage=NotStarted Some updates remain.}
{"logTime": "0528/191800", "correlationVector":"j70jK/SlYQwtohHrhHTpVO","action":"Initial GetUpdates", "result":"", "context":Reason: NEWLY_SUPPORTED_DATATYPE. cV=j70jK/SlYQwtohHrhHTpVO}
{"logTime": "0528/191800", "correlationVector":"j70jK/SlYQwtohHrhHTpVO.1","action":"SyncServerConnectionManagerRequest", "result":"SYNC_SERVER_OK", "context":{"environment":"Prod_eastus_prod-s01-056-nam-eastus", "migrationStage":"NotStarted", "server":"akswtt114000005"}}
{"logTime": "0528/191800", "correlationVector":"j70jK/SlYQwtohHrhHTpVO.2","action":"ProcessGetUpdates", "result":"Done", "context":{"dataType":"History", "deleted":"0", "process_failed_to_decrypt":"0", "process_pending_decryption":"0", "process_success":"250", "total":"250"}}
{"logTime": "0528/191800", "correlationVector":"j70jK/SlYQwtohHrhHTpVO.3","action":"GetUpdates Response", "result":"Success", "context":Received 250 update(s). cV=j70jK/SlYQwtohHrhHTpVO.0;server=akswtt114000005;cloudType=Consumer;environment=Prod_eastus_prod-s01-056-nam-eastus;migrationStage=NotStarted Some updates remain.}
{"logTime": "0528/191800", "correlationVector":"TVVL7yTneIaTqXJCHSM7yG","action":"Initial GetUpdates", "result":"", "context":Reason: NEWLY_SUPPORTED_DATATYPE. cV=TVVL7yTneIaTqXJCHSM7yG}
{"logTime": "0528/191801", "correlationVector":"TVVL7yTneIaTqXJCHSM7yG.1","action":"SyncServerConnectionManagerRequest", "result":"SYNC_SERVER_OK", "context":{"environment":"Prod_eastus2_prod-s01-050-nam-eastus2", "migrationStage":"NotStarted", "server":"akswtt114000018"}}
{"logTime": "0528/191801", "correlationVector":"TVVL7yTneIaTqXJCHSM7yG.2","action":"ProcessGetUpdates", "result":"Done", "context":{"dataType":"History", "deleted":"0", "process_failed_to_decrypt":"0", "process_pending_decryption":"0", "process_success":"250", "total":"250"}}
{"logTime": "0528/191801", "correlationVector":"TVVL7yTneIaTqXJCHSM7yG.3","action":"GetUpdates Response", "result":"Success", "context":Received 250 update(s). cV=TVVL7yTneIaTqXJCHSM7yG.0;server=akswtt114000018;cloudType=Consumer;environment=Prod_eastus2_prod-s01-050-nam-eastus2;migrationStage=NotStarted Some updates remain.}
{"logTime": "0528/191801", "correlationVector":"YCesSisLM5eCr0aWFcd24+","action":"Initial GetUpdates", "result":"", "context":Reason: NEWLY_SUPPORTED_DATATYPE. cV=YCesSisLM5eCr0aWFcd24+}
{"logTime": "0528/191801", "correlationVector":"YCesSisLM5eCr0aWFcd24+.1","action":"SyncServerConnectionManagerRequest", "result":"SYNC_SERVER_OK", "context":{"environment":"Prod_eastus_prod-s01-056-nam-eastus", "migrationStage":"NotStarted", "server":"akswtt11400001g"}}
{"logTime": "0528/191801", "correlationVector":"YCesSisLM5eCr0aWFcd24+.2","action":"ProcessGetUpdates", "result":"Done", "context":{"dataType":"History", "deleted":"0", "process_failed_to_decrypt":"0", "process_pending_decryption":"0", "process_success":"250", "total":"250"}}
{"logTime": "0528/191801", "correlationVector":"YCesSisLM5eCr0aWFcd24+.3","action":"GetUpdates Response", "result":"Success", "context":Received 250 update(s). cV=YCesSisLM5eCr0aWFcd24+.0;server=akswtt11400001g;cloudType=Consumer;environment=Prod_eastus_prod-s01-056-nam-eastus;migrationStage=NotStarted Some updates remain.}
{"logTime": "0528/191801", "correlationVector":"cBlkAs/BpxYS/G2XMo761J","action":"Initial GetUpdates", "result":"", "context":Reason: NEWLY_SUPPORTED_DATATYPE. cV=cBlkAs/BpxYS/G2XMo761J}
{"logTime": "0528/191801", "correlationVector":"cBlkAs/BpxYS/G2XMo761J.1","action":"SyncServerConnectionManagerRequest", "result":"SYNC_SERVER_OK", "context":{"environment":"Prod_eastus_prod-s01-056-nam-eastus", "migrationStage":"NotStarted", "server":"akswtt11400001l"}}
{"logTime": "0528/191801", "correlationVector":"cBlkAs/BpxYS/G2XMo761J.2","action":"ProcessGetUpdates", "result":"Done", "context":{"dataType":"History", "deleted":"0", "process_failed_to_decrypt":"0", "process_pending_decryption":"0", "process_success":"250", "total":"250"}}
{"logTime": "0528/191801", "correlationVector":"cBlkAs/BpxYS/G2XMo761J.3","action":"GetUpdates Response", "result":"Success", "context":Received 250 update(s). cV=cBlkAs/BpxYS/G2XMo761J.0;server=akswtt11400001l;cloudType=Consumer;environment=Prod_eastus_prod-s01-056-nam-eastus;migrationStage=NotStarted Some updates remain.}
{"logTime": "0528/191801", "correlationVector":"zaaUvXlbylpwSgIPYReuXJ","action":"Initial GetUpdates", "result":"", "context":Reason: NEWLY_SUPPORTED_DATATYPE. cV=zaaUvXlbylpwSgIPYReuXJ}
{"logTime": "0528/191801", "correlationVector":"zaaUvXlbylpwSgIPYReuXJ.1","action":"SyncServerConnectionManagerRequest", "result":"SYNC_SERVER_OK", "context":{"environment":"Prod_eastus2_prod-s01-050-nam-eastus2", "migrationStage":"NotStarted", "server":"akswtt114000025"}}
{"logTime": "0528/191801", "correlationVector":"zaaUvXlbylpwSgIPYReuXJ.2","action":"ProcessGetUpdates", "result":"Done", "context":{"dataType":"History", "deleted":"0", "process_failed_to_decrypt":"0", "process_pending_decryption":"0", "process_success":"250", "total":"250"}}
{"logTime": "0528/191801", "correlationVector":"zaaUvXlbylpwSgIPYReuXJ.3","action":"GetUpdates Response", "result":"Success", "context":Received 250 update(s). cV=zaaUvXlbylpwSgIPYReuXJ.0;server=akswtt114000025;cloudType=Consumer;environment=Prod_eastus2_prod-s01-050-nam-eastus2;migrationStage=NotStarted Some updates remain.}
{"logTime": "0528/191801", "correlationVector":"QVNlbziBvIuuXdhJQ1Rg/R","action":"Initial GetUpdates", "result":"", "context":Reason: NEWLY_SUPPORTED_DATATYPE. cV=QVNlbziBvIuuXdhJQ1Rg/R}
{"logTime": "0528/191802", "correlationVector":"QVNlbziBvIuuXdhJQ1Rg/R.1","action":"SyncServerConnectionManagerRequest", "result":"SYNC_SERVER_OK", "context":{"environment":"Prod_eastus_prod-s01-056-nam-eastus", "migrationStage":"NotStarted", "server":"akswtt114000009"}}
{"logTime": "0528/191802", "correlationVector":"QVNlbziBvIuuXdhJQ1Rg/R.2","action":"ProcessGetUpdates", "result":"Done", "context":{"dataType":"History", "deleted":"0", "process_failed_to_decrypt":"0", "process_pending_decryption":"0", "process_success":"250", "total":"250"}}
{"logTime": "0528/191802", "correlationVector":"QVNlbziBvIuuXdhJQ1Rg/R.3","action":"GetUpdates Response", "result":"Success", "context":Received 250 update(s). cV=QVNlbziBvIuuXdhJQ1Rg/R.0;server=akswtt114000009;cloudType=Consumer;environment=Prod_eastus_prod-s01-056-nam-eastus;migrationStage=NotStarted Some updates remain.}
{"logTime": "0528/191802", "correlationVector":"5tp6cvv0cDeVAZPqrdJsrp","action":"Initial GetUpdates", "result":"", "context":Reason: NEWLY_SUPPORTED_DATATYPE. cV=5tp6cvv0cDeVAZPqrdJsrp}
{"logTime": "0528/191803", "correlationVector":"5tp6cvv0cDeVAZPqrdJsrp.1","action":"SyncServerConnectionManagerRequest", "result":"SYNC_SERVER_OK", "context":{"environment":"Prod_eastus_prod-s01-056-nam-eastus", "migrationStage":"NotStarted", "server":"akswtt11400000m"}}
{"logTime": "0528/191803", "correlationVector":"5tp6cvv0cDeVAZPqrdJsrp.2","action":"ProcessGetUpdates", "result":"Done", "context":{"dataType":"History", "deleted":"0", "process_failed_to_decrypt":"0", "process_pending_decryption":"0", "process_success":"250", "total":"250"}}
{"logTime": "0528/191803", "correlationVector":"5tp6cvv0cDeVAZPqrdJsrp.3","action":"GetUpdates Response", "result":"Success", "context":Received 250 update(s). cV=5tp6cvv0cDeVAZPqrdJsrp.0;server=akswtt11400000m;cloudType=Consumer;environment=Prod_eastus_prod-s01-056-nam-eastus;migrationStage=NotStarted Some updates remain.}
{"logTime": "0528/191803", "correlationVector":"LK9tf5CMVmJjYVCcajRBdd","action":"Initial GetUpdates", "result":"", "context":Reason: NEWLY_SUPPORTED_DATATYPE. cV=LK9tf5CMVmJjYVCcajRBdd}
{"logTime": "0528/191803", "correlationVector":"LK9tf5CMVmJjYVCcajRBdd.1","action":"SyncServerConnectionManagerRequest", "result":"SYNC_SERVER_OK", "context":{"environment":"Prod_eastus_prod-s01-056-nam-eastus", "migrationStage":"NotStarted", "server":"akswtt11400001h"}}
{"logTime": "0528/191803", "correlationVector":"LK9tf5CMVmJjYVCcajRBdd.2","action":"ProcessGetUpdates", "result":"Done", "context":{"dataType":"History", "deleted":"0", "process_failed_to_decrypt":"0", "process_pending_decryption":"0", "process_success":"250", "total":"250"}}
{"logTime": "0528/191803", "correlationVector":"LK9tf5CMVmJjYVCcajRBdd.3","action":"GetUpdates Response", "result":"Success", "context":Received 250 update(s). cV=LK9tf5CMVmJjYVCcajRBdd.0;server=akswtt11400001h;cloudType=Consumer;environment=Prod_eastus_prod-s01-056-nam-eastus;migrationStage=NotStarted Some updates remain.}
{"logTime": "0528/191803", "correlationVector":"cqZg0OuRx7ptr7fL7Gfby8","action":"Initial GetUpdates", "result":"", "context":Reason: NEWLY_SUPPORTED_DATATYPE. cV=cqZg0OuRx7ptr7fL7Gfby8}
{"logTime": "0528/191804", "correlationVector":"cqZg0OuRx7ptr7fL7Gfby8.1","action":"SyncServerConnectionManagerRequest", "result":"SYNC_SERVER_OK", "context":{"environment":"Prod_eastus_prod-s01-056-nam-eastus", "migrationStage":"NotStarted", "server":"akswtt114000009"}}
{"logTime": "0528/191804", "correlationVector":"cqZg0OuRx7ptr7fL7Gfby8.2","action":"ProcessGetUpdates", "result":"Done", "context":{"dataType":"History", "deleted":"0", "process_failed_to_decrypt":"0", "process_pending_decryption":"0", "process_success":"250", "total":"250"}}
{"logTime": "0528/191804", "correlationVector":"cqZg0OuRx7ptr7fL7Gfby8.3","action":"GetUpdates Response", "result":"Success", "context":Received 250 update(s). cV=cqZg0OuRx7ptr7fL7Gfby8.0;server=akswtt114000009;cloudType=Consumer;environment=Prod_eastus_prod-s01-056-nam-eastus;migrationStage=NotStarted Some updates remain.}
{"logTime": "0528/191804", "correlationVector":"YZx6guKEurKUYNY7hhPhZ2","action":"Initial GetUpdates", "result":"", "context":Reason: NEWLY_SUPPORTED_DATATYPE. cV=YZx6guKEurKUYNY7hhPhZ2}
{"logTime": "0528/191804", "correlationVector":"YZx6guKEurKUYNY7hhPhZ2.1","action":"SyncServerConnectionManagerRequest", "result":"SYNC_SERVER_OK", "context":{"environment":"Prod_eastus2_prod-s01-050-nam-eastus2", "migrationStage":"NotStarted", "server":"akswtt11400000n"}}
{"logTime": "0528/191804", "correlationVector":"YZx6guKEurKUYNY7hhPhZ2.2","action":"ProcessGetUpdates", "result":"Done", "context":{"dataType":"History", "deleted":"0", "process_failed_to_decrypt":"0", "process_pending_decryption":"0", "process_success":"250", "total":"250"}}
{"logTime": "0528/191804", "correlationVector":"YZx6guKEurKUYNY7hhPhZ2.3","action":"GetUpdates Response", "result":"Success", "context":Received 250 update(s). cV=YZx6guKEurKUYNY7hhPhZ2.0;server=akswtt11400000n;cloudType=Consumer;environment=Prod_eastus2_prod-s01-050-nam-eastus2;migrationStage=NotStarted Some updates remain.}
{"logTime": "0528/191804", "correlationVector":"gAJ41gfzoe/NbBOvlX7WQZ","action":"Initial GetUpdates", "result":"", "context":Reason: NEWLY_SUPPORTED_DATATYPE. cV=gAJ41gfzoe/NbBOvlX7WQZ}
{"logTime": "0528/191804", "correlationVector":"gAJ41gfzoe/NbBOvlX7WQZ.1","action":"SyncServerConnectionManagerRequest", "result":"SYNC_SERVER_OK", "context":{"environment":"Prod_eastus_prod-s01-056-nam-eastus", "migrationStage":"NotStarted", "server":"akswtt11400000m"}}
{"logTime": "0528/191804", "correlationVector":"gAJ41gfzoe/NbBOvlX7WQZ.2","action":"ProcessGetUpdates", "result":"Done", "context":{"dataType":"History", "deleted":"0", "process_failed_to_decrypt":"0", "process_pending_decryption":"0", "process_success":"250", "total":"250"}}
{"logTime": "0528/191804", "correlationVector":"gAJ41gfzoe/NbBOvlX7WQZ.3","action":"GetUpdates Response", "result":"Success", "context":Received 250 update(s). cV=gAJ41gfzoe/NbBOvlX7WQZ.0;server=akswtt11400000m;cloudType=Consumer;environment=Prod_eastus_prod-s01-056-nam-eastus;migrationStage=NotStarted Some updates remain.}
{"logTime": "0528/191805", "correlationVector":"yjeGCAl9Chcz4EUCj5Gv8b","action":"Initial GetUpdates", "result":"", "context":Reason: NEWLY_SUPPORTED_DATATYPE. cV=yjeGCAl9Chcz4EUCj5Gv8b}
{"logTime": "0528/191805", "correlationVector":"yjeGCAl9Chcz4EUCj5Gv8b.1","action":"SyncServerConnectionManagerRequest", "result":"SYNC_SERVER_OK", "context":{"environment":"Prod_eastus_prod-s01-056-nam-eastus", "migrationStage":"NotStarted", "server":"akswtt11400001j"}}
{"logTime": "0528/191805", "correlationVector":"yjeGCAl9Chcz4EUCj5Gv8b.2","action":"ProcessGetUpdates", "result":"Done", "context":{"dataType":"History", "deleted":"0", "process_failed_to_decrypt":"0", "process_pending_decryption":"0", "process_success":"250", "total":"250"}}
{"logTime": "0528/191805", "correlationVector":"yjeGCAl9Chcz4EUCj5Gv8b.3","action":"GetUpdates Response", "result":"Success", "context":Received 250 update(s). cV=yjeGCAl9Chcz4EUCj5Gv8b.0;server=akswtt11400001j;cloudType=Consumer;environment=Prod_eastus_prod-s01-056-nam-eastus;migrationStage=NotStarted Some updates remain.}
{"logTime": "0528/191805", "correlationVector":"uRuMNM9L5tRO+zH5kq5/Hn","action":"Initial GetUpdates", "result":"", "context":Reason: NEWLY_SUPPORTED_DATATYPE. cV=uRuMNM9L5tRO+zH5kq5/Hn}
{"logTime": "0528/191806", "correlationVector":"uRuMNM9L5tRO+zH5kq5/Hn.1","action":"SyncServerConnectionManagerRequest", "result":"SYNC_SERVER_OK", "context":{"environment":"Prod_eastus_prod-s01-056-nam-eastus", "migrationStage":"NotStarted", "server":"akswtt114000016"}}
{"logTime": "0528/191806", "correlationVector":"uRuMNM9L5tRO+zH5kq5/Hn.2","action":"ProcessGetUpdates", "result":"Done", "context":{"dataType":"History", "deleted":"0", "process_failed_to_decrypt":"0", "process_pending_decryption":"0", "process_success":"250", "total":"250"}}
{"logTime": "0528/191806", "correlationVector":"uRuMNM9L5tRO+zH5kq5/Hn.3","action":"GetUpdates Response", "result":"Success", "context":Received 250 update(s). cV=uRuMNM9L5tRO+zH5kq5/Hn.0;server=akswtt114000016;cloudType=Consumer;environment=Prod_eastus_prod-s01-056-nam-eastus;migrationStage=NotStarted Some updates remain.}
{"logTime": "0528/191806", "correlationVector":"U7NSmk8/vNbFT1rgBpdXwo","action":"Initial GetUpdates", "result":"", "context":Reason: NEWLY_SUPPORTED_DATATYPE. cV=U7NSmk8/vNbFT1rgBpdXwo}
{"logTime": "0528/191806", "correlationVector":"U7NSmk8/vNbFT1rgBpdXwo.1","action":"SyncServerConnectionManagerRequest", "result":"SYNC_SERVER_OK", "context":{"environment":"Prod_eastus2_prod-s01-050-nam-eastus2", "migrationStage":"NotStarted", "server":"akswtt114000003"}}
{"logTime": "0528/191806", "correlationVector":"U7NSmk8/vNbFT1rgBpdXwo.2","action":"ProcessGetUpdates", "result":"Done", "context":{"dataType":"History", "deleted":"0", "process_failed_to_decrypt":"0", "process_pending_decryption":"0", "process_success":"250", "total":"250"}}
{"logTime": "0528/191806", "correlationVector":"U7NSmk8/vNbFT1rgBpdXwo.3","action":"GetUpdates Response", "result":"Success", "context":Received 250 update(s). cV=U7NSmk8/vNbFT1rgBpdXwo.0;server=akswtt114000003;cloudType=Consumer;environment=Prod_eastus2_prod-s01-050-nam-eastus2;migrationStage=NotStarted Some updates remain.}
{"logTime": "0528/191806", "correlationVector":"q8V7Yt1fJKdsQjEcd1o6Lw","action":"Initial GetUpdates", "result":"", "context":Reason: NEWLY_SUPPORTED_DATATYPE. cV=q8V7Yt1fJKdsQjEcd1o6Lw}
{"logTime": "0528/191808", "correlationVector":"q8V7Yt1fJKdsQjEcd1o6Lw.1","action":"SyncServerConnectionManagerRequest", "result":"SYNC_SERVER_OK", "context":{"environment":"Prod_eastus_prod-s01-056-nam-eastus", "migrationStage":"NotStarted", "server":"akswtt11400001j"}}
{"logTime": "0528/191808", "correlationVector":"q8V7Yt1fJKdsQjEcd1o6Lw.2","action":"ProcessGetUpdates", "result":"Done", "context":{"dataType":"History", "deleted":"0", "process_failed_to_decrypt":"0", "process_pending_decryption":"0", "process_success":"250", "total":"250"}}
{"logTime": "0528/191808", "correlationVector":"q8V7Yt1fJKdsQjEcd1o6Lw.3","action":"GetUpdates Response", "result":"Success", "context":Received 250 update(s). cV=q8V7Yt1fJKdsQjEcd1o6Lw.0;server=akswtt11400001j;cloudType=Consumer;environment=Prod_eastus_prod-s01-056-nam-eastus;migrationStage=NotStarted Some updates remain.}
{"logTime": "0528/191808", "correlationVector":"6DwHFidvRpFx9KglmOKDvp","action":"Initial GetUpdates", "result":"", "context":Reason: NEWLY_SUPPORTED_DATATYPE. cV=6DwHFidvRpFx9KglmOKDvp}
{"logTime": "0528/191808", "correlationVector":"6DwHFidvRpFx9KglmOKDvp.1","action":"SyncServerConnectionManagerRequest", "result":"SYNC_SERVER_OK", "context":{"environment":"Prod_eastus_prod-s01-056-nam-eastus", "migrationStage":"NotStarted", "server":"akswtt11400001l"}}
{"logTime": "0528/191808", "correlationVector":"6DwHFidvRpFx9KglmOKDvp.2","action":"ProcessGetUpdates", "result":"Done", "context":{"dataType":"History", "deleted":"0", "process_failed_to_decrypt":"0", "process_pending_decryption":"0", "process_success":"250", "total":"250"}}
{"logTime": "0528/191808", "correlationVector":"6DwHFidvRpFx9KglmOKDvp.3","action":"GetUpdates Response", "result":"Success", "context":Received 250 update(s). cV=6DwHFidvRpFx9KglmOKDvp.0;server=akswtt11400001l;cloudType=Consumer;environment=Prod_eastus_prod-s01-056-nam-eastus;migrationStage=NotStarted Some updates remain.}
{"logTime": "0528/191808", "correlationVector":"V0WIPVrBnkNg6NYbKlbYN3","action":"Initial GetUpdates", "result":"", "context":Reason: NEWLY_SUPPORTED_DATATYPE. cV=V0WIPVrBnkNg6NYbKlbYN3}
{"logTime": "0528/191810", "correlationVector":"V0WIPVrBnkNg6NYbKlbYN3.1","action":"SyncServerConnectionManagerRequest", "result":"SYNC_SERVER_OK", "context":{"environment":"Prod_eastus2_prod-s01-050-nam-eastus2", "migrationStage":"NotStarted", "server":"akswtt114000025"}}
{"logTime": "0528/191810", "correlationVector":"V0WIPVrBnkNg6NYbKlbYN3.2","action":"ProcessGetUpdates", "result":"Done", "context":{"dataType":"History", "deleted":"0", "process_failed_to_decrypt":"0", "process_pending_decryption":"0", "process_success":"250", "total":"250"}}
{"logTime": "0528/191810", "correlationVector":"V0WIPVrBnkNg6NYbKlbYN3.3","action":"GetUpdates Response", "result":"Success", "context":Received 250 update(s). cV=V0WIPVrBnkNg6NYbKlbYN3.0;server=akswtt114000025;cloudType=Consumer;environment=Prod_eastus2_prod-s01-050-nam-eastus2;migrationStage=NotStarted Some updates remain.}
{"logTime": "0528/191810", "correlationVector":"Janf8WHBQCYc+qrpmECL0c","action":"Initial GetUpdates", "result":"", "context":Reason: NEWLY_SUPPORTED_DATATYPE. cV=Janf8WHBQCYc+qrpmECL0c}
{"logTime": "0528/191812", "correlationVector":"Janf8WHBQCYc+qrpmECL0c.1","action":"SyncServerConnectionManagerRequest", "result":"SYNC_SERVER_OK", "context":{"environment":"Prod_eastus2_prod-s01-050-nam-eastus2", "migrationStage":"NotStarted", "server":"akswtt114000010"}}
{"logTime": "0528/191812", "correlationVector":"Janf8WHBQCYc+qrpmECL0c.2","action":"ProcessGetUpdates", "result":"Done", "context":{"dataType":"History", "deleted":"0", "process_failed_to_decrypt":"0", "process_pending_decryption":"0", "process_success":"250", "total":"250"}}
{"logTime": "0528/191812", "correlationVector":"Janf8WHBQCYc+qrpmECL0c.3","action":"GetUpdates Response", "result":"Success", "context":Received 250 update(s). cV=Janf8WHBQCYc+qrpmECL0c.0;server=akswtt114000010;cloudType=Consumer;environment=Prod_eastus2_prod-s01-050-nam-eastus2;migrationStage=NotStarted Some updates remain.}
{"logTime": "0528/191812", "correlationVector":"4ABK/qBTWZdjTYDUCfMSS8","action":"Initial GetUpdates", "result":"", "context":Reason: NEWLY_SUPPORTED_DATATYPE. cV=4ABK/qBTWZdjTYDUCfMSS8}
{"logTime": "0528/191812", "correlationVector":"4ABK/qBTWZdjTYDUCfMSS8.1","action":"SyncServerConnectionManagerRequest", "result":"SYNC_SERVER_OK", "context":{"environment":"Prod_eastus_prod-s01-056-nam-eastus", "migrationStage":"NotStarted", "server":"akswtt11400001b"}}
{"logTime": "0528/191812", "correlationVector":"4ABK/qBTWZdjTYDUCfMSS8.2","action":"ProcessGetUpdates", "result":"Done", "context":{"dataType":"History", "deleted":"0", "process_failed_to_decrypt":"0", "process_pending_decryption":"0", "process_success":"1", "total":"1"}}
{"logTime": "0528/191812", "correlationVector":"4ABK/qBTWZdjTYDUCfMSS8.3","action":"GetUpdates Response", "result":"Success", "context":Received 1 update(s). cV=4ABK/qBTWZdjTYDUCfMSS8.0;server=akswtt11400001b;cloudType=Consumer;environment=Prod_eastus_prod-s01-056-nam-eastus;migrationStage=NotStarted}
{"logTime": "0528/191812", "correlationVector":"130h4ia5kHKg5OMaGBHZqp","action":"Normal GetUpdate request", "result":"", "context":cV=130h4ia5kHKg5OMaGBHZqp
Nudged types: Preferences, Passwords, Sessions, Device Info, User Consents, History, Edge Hub App Usage
Refresh requested types: Bookmarks, Preferences, Passwords, Autofill Profiles, Autofill, Extensions, Sessions, Extension settings, History Delete Directives, Device Info, User Consents, Send Tab To Self, Web Apps, History, Saved Tab Group, WebAuthn Credentials, Collection, Edge E Drop, Edge Hub App Usage, Edge Wallet, Edge Workspace, Encryption Keys}
{"logTime": "0528/191812", "correlationVector":"130h4ia5kHKg5OMaGBHZqp.1","action":"SyncServerConnectionManagerRequest", "result":"SYNC_SERVER_OK", "context":{"environment":"Prod_eastus_prod-s01-056-nam-eastus", "migrationStage":"NotStarted", "server":"akswtt11400001h"}}
{"logTime": "0528/191812", "correlationVector":"130h4ia5kHKg5OMaGBHZqp.2","action":"GetUpdates Response", "result":"Success", "context":Received 0 update(s). cV=130h4ia5kHKg5OMaGBHZqp.0;server=akswtt11400001h;cloudType=Consumer;environment=Prod_eastus_prod-s01-056-nam-eastus;migrationStage=NotStarted}
{"logTime": "0528/191812", "correlationVector":"9wpmGSuSyU3WvkZh31eIby","action":"Commit Request", "result":"", "context":Item count: 40
Contributing types: Passwords}
{"logTime": "0528/191815", "correlationVector":"9wpmGSuSyU3WvkZh31eIby.1","action":"SyncServerConnectionManagerRequest", "result":"SYNC_SERVER_OK", "context":{"environment":"Prod_eastus_prod-s01-056-nam-eastus", "migrationStage":"NotStarted", "server":"akswtt11400000l"}}
{"logTime": "0528/191815", "correlationVector":"9wpmGSuSyU3WvkZh31eIby.2","action":"Commit Response", "result":"Success", "context":Result: Success. cV=9wpmGSuSyU3WvkZh31eIby.0;server=akswtt11400000l;cloudType=Consumer;environment=Prod_eastus_prod-s01-056-nam-eastus;migrationStage=NotStarted}
{"logTime": "0528/191815", "correlationVector":"ya+ImAhN2vBL7UnYzgkgv0","action":"Commit Request", "result":"", "context":Item count: 17
Contributing types: Preferences, Passwords, Sessions, Device Info, User Consents, History, Edge Hub App Usage}
{"logTime": "0528/191816", "correlationVector":"ya+ImAhN2vBL7UnYzgkgv0.1","action":"SyncServerConnectionManagerRequest", "result":"SYNC_SERVER_OK", "context":{"environment":"Prod_eastus_prod-s01-056-nam-eastus", "migrationStage":"NotStarted", "server":"akswtt114000016"}}
{"logTime": "0528/191816", "correlationVector":"ya+ImAhN2vBL7UnYzgkgv0.2","action":"Commit Response", "result":"Success", "context":Result: Success. cV=ya+ImAhN2vBL7UnYzgkgv0.0;server=akswtt114000016;cloudType=Consumer;environment=Prod_eastus_prod-s01-056-nam-eastus;migrationStage=NotStarted}
{"logTime": "0528/191826", "correlationVector":"GK+LuFz2TwuWRJXQbaYxyu","action":"Commit Request", "result":"", "context":Item count: 40
Contributing types: Passwords}
{"logTime": "0528/191828", "correlationVector":"GK+LuFz2TwuWRJXQbaYxyu.1","action":"SyncServerConnectionManagerRequest", "result":"SYNC_SERVER_OK", "context":{"environment":"Prod_eastus_prod-s01-056-nam-eastus", "migrationStage":"NotStarted", "server":"akswtt11400001b"}}
{"logTime": "0528/191828", "correlationVector":"GK+LuFz2TwuWRJXQbaYxyu.2","action":"Commit Response", "result":"Success", "context":Result: Success. cV=GK+LuFz2TwuWRJXQbaYxyu.0;server=akswtt11400001b;cloudType=Consumer;environment=Prod_eastus_prod-s01-056-nam-eastus;migrationStage=NotStarted}
{"logTime": "0528/191828", "correlationVector":"20ssX2jwd4ZTbiWfW48EQX","action":"Commit Request", "result":"", "context":Item count: 11
Contributing types: Passwords}
{"logTime": "0528/191830", "correlationVector":"20ssX2jwd4ZTbiWfW48EQX.1","action":"SyncServerConnectionManagerRequest", "result":"SYNC_SERVER_OK", "context":{"environment":"Prod_eastus2_prod-s01-050-nam-eastus2", "migrationStage":"NotStarted", "server":"akswtt11400000z"}}
{"logTime": "0528/191830", "correlationVector":"20ssX2jwd4ZTbiWfW48EQX.2","action":"Commit Response", "result":"Success", "context":Result: Success. cV=20ssX2jwd4ZTbiWfW48EQX.0;server=akswtt11400000z;cloudType=Consumer;environment=Prod_eastus2_prod-s01-050-nam-eastus2;migrationStage=NotStarted}
{"logTime": "0528/191830", "correlationVector":"Mnc0T2D9+bXXUHg9cuac9f","action":"Normal GetUpdate request", "result":"", "context":cV=Mnc0T2D9+bXXUHg9cuac9f
Notified types: History}
{"logTime": "0528/191831", "correlationVector":"Mnc0T2D9+bXXUHg9cuac9f.1","action":"SyncServerConnectionManagerRequest", "result":"SYNC_SERVER_OK", "context":{"environment":"Prod_eastus_prod-s01-056-nam-eastus", "migrationStage":"NotStarted", "server":"akswtt11400000e"}}
{"logTime": "0528/191831", "correlationVector":"Mnc0T2D9+bXXUHg9cuac9f.2","action":"ProcessGetUpdates", "result":"Done", "context":{"dataType":"Preferences", "deleted":"0", "process_failed_to_decrypt":"0", "process_pending_decryption":"0", "process_success":"1", "total":"1"}}
{"logTime": "0528/191831", "correlationVector":"Mnc0T2D9+bXXUHg9cuac9f.3","action":"ProcessGetUpdates", "result":"Done", "context":{"dataType":"Passwords", "deleted":"0", "process_failed_to_decrypt":"0", "process_pending_decryption":"0", "process_success":"51", "total":"51"}}
{"logTime": "0528/191831", "correlationVector":"Mnc0T2D9+bXXUHg9cuac9f.4","action":"ProcessGetUpdates", "result":"Done", "context":{"dataType":"Sessions", "deleted":"0", "process_failed_to_decrypt":"0", "process_pending_decryption":"0", "process_success":"3", "total":"3"}}
{"logTime": "0528/191831", "correlationVector":"Mnc0T2D9+bXXUHg9cuac9f.5","action":"ProcessGetUpdates", "result":"Done", "context":{"dataType":"Device Info", "deleted":"0", "process_failed_to_decrypt":"0", "process_pending_decryption":"0", "process_success":"1", "total":"1"}}
{"logTime": "0528/191831", "correlationVector":"Mnc0T2D9+bXXUHg9cuac9f.6","action":"ProcessGetUpdates", "result":"Done", "context":{"dataType":"History", "deleted":"0", "process_failed_to_decrypt":"0", "process_pending_decryption":"0", "process_success":"5", "total":"5"}}
{"logTime": "0528/191831", "correlationVector":"Mnc0T2D9+bXXUHg9cuac9f.7","action":"ProcessGetUpdates", "result":"Done", "context":{"dataType":"Edge Hub App Usage", "deleted":"0", "process_failed_to_decrypt":"0", "process_pending_decryption":"0", "process_success":"1", "total":"1"}}
{"logTime": "0528/191831", "correlationVector":"Mnc0T2D9+bXXUHg9cuac9f.8","action":"GetUpdates Response", "result":"Success", "context":Received 62 update(s). cV=Mnc0T2D9+bXXUHg9cuac9f.0;server=akswtt11400000e;cloudType=Consumer;environment=Prod_eastus_prod-s01-056-nam-eastus;migrationStage=NotStarted}
{"logTime": "0528/191831", "correlationVector":"whSj+Zg2aVbPi6Xd5WftKv","action":"DoCompareDataConsistency requsted types: ", "result":"Bookmarks, Preferences, Passwords, Extensions, Extension settings, History Delete Directives, Send Tab To Self, Web Apps, History, Saved Tab Group, WebAuthn Credentials, Collection, Edge E Drop, Edge Wallet, Edge Workspace, Encryption Keys"}
{"logTime": "0528/191831", "correlationVector":"whSj+Zg2aVbPi6Xd5WftKv.0","action":"CompareDataConsistency result: ", "result":"Compare result: Encryption Keys is consistent. local entities count is: 1 local entities hash is: DrAgpzVqb8KHrZ3+PzEU8CxxlQU="}
{"logTime": "0528/191831", "correlationVector":"whSj+Zg2aVbPi6Xd5WftKv.1","action":"CompareDataConsistency result: ", "result":"Compare result: Bookmarks is consistent. local entities count is: 0 local entities hash is: "}
{"logTime": "0528/191831", "correlationVector":"whSj+Zg2aVbPi6Xd5WftKv.2","action":"CompareDataConsistency result: ", "result":"Compare result: Preferences is consistent. local entities count is: 60 local entities hash is: VC/78lN55z0CYEuYpeLcskhUH9M="}
{"logTime": "0528/191831", "correlationVector":"whSj+Zg2aVbPi6Xd5WftKv.3","action":"CompareDataConsistency result: ", "result":"Compare result: Extensions is consistent. local entities count is: 0 local entities hash is: "}
{"logTime": "0528/191831", "correlationVector":"whSj+Zg2aVbPi6Xd5WftKv.4","action":"CompareDataConsistency result: ", "result":"Compare result: Extension settings is consistent. local entities count is: 0 local entities hash is: "}
{"logTime": "0528/191831", "correlationVector":"whSj+Zg2aVbPi6Xd5WftKv.5","action":"CompareDataConsistency result: ", "result":"Compare result: History Delete Directives is consistent. local entities count is: 0 local entities hash is: "}
{"logTime": "0528/191831", "correlationVector":"whSj+Zg2aVbPi6Xd5WftKv.6","action":"CompareDataConsistency result: ", "result":"Server did not send this Send Tab To Self local entities count is: 0 local entities hash is: "}
{"logTime": "0528/191831", "correlationVector":"whSj+Zg2aVbPi6Xd5WftKv.7","action":"CompareDataConsistency result: ", "result":"Compare result: Web Apps is consistent. local entities count is: 0 local entities hash is: "}
{"logTime": "0528/191831", "correlationVector":"whSj+Zg2aVbPi6Xd5WftKv.8","action":"CompareDataConsistency result: ", "result":"Server did not send this History local entities count is: 0 local entities hash is: "}
{"logTime": "0528/191831", "correlationVector":"whSj+Zg2aVbPi6Xd5WftKv.9","action":"CompareDataConsistency result: ", "result":"Compare result: Saved Tab Group is consistent. local entities count is: 0 local entities hash is: "}
{"logTime": "0528/191831", "correlationVector":"whSj+Zg2aVbPi6Xd5WftKv.10","action":"CompareDataConsistency result: ", "result":"Server did not send this WebAuthn Credentials local entities count is: 2 local entities hash is: Z15KSblcroiEJJef4mmYT7k3YdI="}
{"logTime": "0528/191831", "correlationVector":"whSj+Zg2aVbPi6Xd5WftKv.11","action":"CompareDataConsistency result: ", "result":"Compare result: Collection is consistent. local entities count is: 0 local entities hash is: "}
{"logTime": "0528/191831", "correlationVector":"whSj+Zg2aVbPi6Xd5WftKv.12","action":"CompareDataConsistency result: ", "result":"Compare result: Edge E Drop is consistent. local entities count is: 0 local entities hash is: "}
{"logTime": "0528/191831", "correlationVector":"whSj+Zg2aVbPi6Xd5WftKv.13","action":"CompareDataConsistency result: ", "result":"Compare result: Edge Wallet is consistent. local entities count is: 0 local entities hash is: "}
{"logTime": "0528/191831", "correlationVector":"whSj+Zg2aVbPi6Xd5WftKv.14","action":"CompareDataConsistency result: ", "result":"Server did not send this Edge Workspace local entities count is: 0 local entities hash is: "}
{"logTime": "0528/191831", "correlationVector":"whSj+Zg2aVbPi6Xd5WftKv.15","action":"CompareDataConsistency result: ", "result":"Compare result: Passwords is consistent. local entities count is: 51 local entities hash is: O2o6NLzXiWeYG47dZjJqttcOhcA="}
{"logTime": "0528/191831", "correlationVector":"","action":"DIAGNOSTIC_REQUEST|v1/diagnosticData/Diagnostic.SendCheckResult()|SUCCESS", "result":""}
{"logTime": "0528/192243", "correlationVector":"Z3pa2AlIAo3y8BPZ3vYkMT","action":"Normal GetUpdate request", "result":"", "context":cV=Z3pa2AlIAo3y8BPZ3vYkMT
Notified types: History}
{"logTime": "0528/192244", "correlationVector":"Z3pa2AlIAo3y8BPZ3vYkMT.1","action":"SyncServerConnectionManagerRequest", "result":"SYNC_SERVER_OK", "context":{"environment":"Prod_eastus2_prod-s01-050-nam-eastus2", "migrationStage":"NotStarted", "server":"akswtt114000004"}}
{"logTime": "0528/192244", "correlationVector":"Z3pa2AlIAo3y8BPZ3vYkMT.2","action":"ProcessGetUpdates", "result":"Done", "context":{"dataType":"Sessions", "deleted":"0", "process_failed_to_decrypt":"0", "process_pending_decryption":"0", "process_success":"1", "total":"1"}}
{"logTime": "0528/192244", "correlationVector":"Z3pa2AlIAo3y8BPZ3vYkMT.3","action":"ProcessGetUpdates", "result":"Done", "context":{"dataType":"History", "deleted":"0", "process_failed_to_decrypt":"0", "process_pending_decryption":"0", "process_success":"4", "total":"4"}}
{"logTime": "0528/192244", "correlationVector":"Z3pa2AlIAo3y8BPZ3vYkMT.4","action":"GetUpdates Response", "result":"Success", "context":Received 5 update(s). cV=Z3pa2AlIAo3y8BPZ3vYkMT.0;server=akswtt114000004;cloudType=Consumer;environment=Prod_eastus2_prod-s01-050-nam-eastus2;migrationStage=NotStarted}
{"logTime": "0528/192454", "correlationVector":"W/rkQXy7pJOH92nDKcRAkS","action":"Normal GetUpdate request", "result":"", "context":cV=W/rkQXy7pJOH92nDKcRAkS
Notified types: History}
{"logTime": "0528/192455", "correlationVector":"W/rkQXy7pJOH92nDKcRAkS.1","action":"SyncServerConnectionManagerRequest", "result":"SYNC_SERVER_OK", "context":{"environment":"Prod_eastus2_prod-s01-050-nam-eastus2", "migrationStage":"NotStarted", "server":"akswtt114000025"}}
{"logTime": "0528/192455", "correlationVector":"W/rkQXy7pJOH92nDKcRAkS.2","action":"ProcessGetUpdates", "result":"Done", "context":{"dataType":"Sessions", "deleted":"0", "process_failed_to_decrypt":"0", "process_pending_decryption":"0", "process_success":"1", "total":"1"}}
{"logTime": "0528/192455", "correlationVector":"W/rkQXy7pJOH92nDKcRAkS.3","action":"ProcessGetUpdates", "result":"Done", "context":{"dataType":"History", "deleted":"0", "process_failed_to_decrypt":"0", "process_pending_decryption":"0", "process_success":"4", "total":"4"}}
{"logTime": "0528/192455", "correlationVector":"W/rkQXy7pJOH92nDKcRAkS.4","action":"GetUpdates Response", "result":"Success", "context":Received 5 update(s). cV=W/rkQXy7pJOH92nDKcRAkS.0;server=akswtt114000025;cloudType=Consumer;environment=Prod_eastus2_prod-s01-050-nam-eastus2;migrationStage=NotStarted}
{"logTime": "0528/202221", "correlationVector":"3GCUjDVYrk0N/0pLtMIRP7.1","action":"SyncServerConnectionManagerRequest", "result":"SYNC_SERVER_OK", "context":{"environment":"Prod_eastus2_prod-s01-050-nam-eastus2", "migrationStage":"NotStarted", "server":"akswtt11400001w"}}
{"logTime": "0528/202221", "correlationVector":"3GCUjDVYrk0N/0pLtMIRP7.2","action":"ProcessGetUpdates", "result":"Done", "context":{"dataType":"Encryption Keys", "deleted":"0", "process_failed_to_decrypt":"0", "process_pending_decryption":"0", "process_success":"1", "total":"1"}}
{"logTime": "0528/202221", "correlationVector":"9nry6xTSPSLTWfuCbgSQ+O","action":"SyncServerConnectionManagerRequest", "result":"SYNC_SERVER_OK", "context":{"environment":"", "migrationStage":"", "server":""}}
{"logTime": "0528/202221", "correlationVector":"9nry6xTSPSLTWfuCbgSQ+O.0","action":"EncryptionKeysFetcher.DownloadKeys:", "result":"Success", "context":Key count: 1, Last key timestamp: 2025-12-10T17:09:59Z}
{"logTime": "0528/202221", "correlationVector":"9nry6xTSPSLTWfuCbgSQ+O.1","action":"EncryptionKeysManager::SetEncryptionKeys:", "result":"Success", "context":Key names[1]:[LX7Vrh6Agkp4NBQguyi5JZ2mSdP34DXHxzn0YR9HkSogNUp8NtsvcCW9ZfBnZTyxoyyzFD+QVgF5UkRUWCrsgQ==]}
{"logTime": "0528/202221", "correlationVector":"9nry6xTSPSLTWfuCbgSQ+O.2","action":"EncryptionKeysManager::SetEncryptionKeysWithTimestamps:", "result":"Success", "context":Key timestamps[1]:[2025-12-10T17:09:59Z]}
{"logTime": "0528/202221", "correlationVector":"3GCUjDVYrk0N/0pLtMIRP7","action":"Initial GetUpdates", "result":"", "context":Reason: NEW_CLIENT. cV=3GCUjDVYrk0N/0pLtMIRP7}
{"logTime": "0528/202221", "correlationVector":"3GCUjDVYrk0N/0pLtMIRP7.3","action":"GetUpdates Response", "result":"Success", "context":Received 1 update(s). cV=3GCUjDVYrk0N/0pLtMIRP7.0;server=akswtt11400001w;cloudType=Consumer;environment=Prod_eastus2_prod-s01-050-nam-eastus2;migrationStage=NotStarted}
{"logTime": "0528/202221", "correlationVector":"j0aZH9JQToS7i/rOdyL8mM","action":"Initial GetUpdates", "result":"", "context":Reason: NEWLY_SUPPORTED_DATATYPE. cV=j0aZH9JQToS7i/rOdyL8mM}
{"logTime": "0528/202221", "correlationVector":"j0aZH9JQToS7i/rOdyL8mM.1","action":"SyncServerConnectionManagerRequest", "result":"SYNC_SERVER_OK", "context":{"environment":"Prod_eastus2_prod-s01-050-nam-eastus2", "migrationStage":"NotStarted", "server":"akswtt11400000w"}}
{"logTime": "0528/202221", "correlationVector":"j0aZH9JQToS7i/rOdyL8mM.2","action":"ProcessGetUpdates", "result":"Done", "context":{"dataType":"Passwords", "deleted":"2", "process_failed_to_decrypt":"0", "process_pending_decryption":"0", "process_success":"53", "total":"53"}}
{"logTime": "0528/202221", "correlationVector":"j0aZH9JQToS7i/rOdyL8mM.3","action":"GetUpdates Response", "result":"Success", "context":Received 53 update(s). cV=j0aZH9JQToS7i/rOdyL8mM.0;server=akswtt11400000w;cloudType=Consumer;environment=Prod_eastus2_prod-s01-050-nam-eastus2;migrationStage=NotStarted}
{"logTime": "0528/202221", "correlationVector":"spmUFGSiPYUU4WYo46YfJg","action":"Normal GetUpdate request", "result":"", "context":cV=spmUFGSiPYUU4WYo46YfJg
Nudged types: Preferences, Sessions, History
Refresh requested types: Bookmarks, Preferences, Passwords, Autofill Profiles, Autofill, Extensions, Sessions, Extension settings, History Delete Directives, Device Info, User Consents, Send Tab To Self, Web Apps, History, Saved Tab Group, WebAuthn Credentials, Collection, Edge E Drop, Edge Hub App Usage, Edge Wallet, Edge Workspace, Encryption Keys}
{"logTime": "0528/202221", "correlationVector":"spmUFGSiPYUU4WYo46YfJg.1","action":"SyncServerConnectionManagerRequest", "result":"SYNC_SERVER_OK", "context":{"environment":"Prod_eastus2_prod-s01-050-nam-eastus2", "migrationStage":"NotStarted", "server":"akswtt11400001b"}}
{"logTime": "0528/202221", "correlationVector":"spmUFGSiPYUU4WYo46YfJg.2","action":"ProcessGetUpdates", "result":"Done", "context":{"dataType":"Preferences", "deleted":"0", "process_failed_to_decrypt":"0", "process_pending_decryption":"0", "process_success":"1", "total":"1"}}
{"logTime": "0528/202221", "correlationVector":"spmUFGSiPYUU4WYo46YfJg.3","action":"ProcessGetUpdates", "result":"Done", "context":{"dataType":"Sessions", "deleted":"1", "process_failed_to_decrypt":"0", "process_pending_decryption":"0", "process_success":"5", "total":"5"}}
{"logTime": "0528/202221", "correlationVector":"spmUFGSiPYUU4WYo46YfJg.4","action":"ProcessGetUpdates", "result":"Done", "context":{"dataType":"History", "deleted":"0", "process_failed_to_decrypt":"0", "process_pending_decryption":"0", "process_success":"33", "total":"33"}}
{"logTime": "0528/202221", "correlationVector":"spmUFGSiPYUU4WYo46YfJg.5","action":"GetUpdates Response", "result":"Success", "context":Received 39 update(s). cV=spmUFGSiPYUU4WYo46YfJg.0;server=akswtt11400001b;cloudType=Consumer;environment=Prod_eastus2_prod-s01-050-nam-eastus2;migrationStage=NotStarted}
{"logTime": "0528/202221", "correlationVector":"zPvG9dpsWUkxGWt3SgqkwP","action":"Commit Request", "result":"", "context":Item count: 1
Contributing types: Preferences}
{"logTime": "0528/202222", "correlationVector":"zPvG9dpsWUkxGWt3SgqkwP.1","action":"SyncServerConnectionManagerRequest", "result":"SYNC_SERVER_OK", "context":{"environment":"Prod_eastus2_prod-s01-050-nam-eastus2", "migrationStage":"NotStarted", "server":"akswtt114000008"}}
{"logTime": "0528/202222", "correlationVector":"zPvG9dpsWUkxGWt3SgqkwP.2","action":"Commit Response", "result":"Success", "context":Result: Success. cV=zPvG9dpsWUkxGWt3SgqkwP.0;server=akswtt114000008;cloudType=Consumer;environment=Prod_eastus2_prod-s01-050-nam-eastus2;migrationStage=NotStarted}
{"logTime": "0528/202234", "correlationVector":"fT/AqdWa4/uIGoN4Kkwf1e","action":"Commit Request", "result":"", "context":Item count: 40
Contributing types: Passwords}
{"logTime": "0528/202237", "correlationVector":"fT/AqdWa4/uIGoN4Kkwf1e.0","action":"SyncServerConnectionManagerRequest", "result":"SYNC_SERVER_ERROR", "context":{"environment":"", "error_type":"http_status_code", "error_value":"503", "migrationStage":"", "server":""}}
{"logTime": "0528/202237", "correlationVector":"fT/AqdWa4/uIGoN4Kkwf1e.1","action":"Commit Response", "result":"HTTP error (503)", "context":Result: HTTP error (503). }
{"logTime": "0528/202352", "correlationVector":"Zb4OKhU1sihuebFsHH8+oW","action":"Commit Request", "result":"", "context":Item count: 40
Contributing types: Passwords}
{"logTime": "0528/202355", "correlationVector":"Zb4OKhU1sihuebFsHH8+oW.1","action":"SyncServerConnectionManagerRequest", "result":"SYNC_SERVER_OK", "context":{"environment":"Prod_eastus2_prod-s01-050-nam-eastus2", "migrationStage":"NotStarted", "server":"akswtt11400001z"}}
{"logTime": "0528/202355", "correlationVector":"Zb4OKhU1sihuebFsHH8+oW.2","action":"Commit Response", "result":"Success", "context":Result: Success. cV=Zb4OKhU1sihuebFsHH8+oW.0;server=akswtt11400001z;cloudType=Consumer;environment=Prod_eastus2_prod-s01-050-nam-eastus2;migrationStage=NotStarted}
{"logTime": "0528/202355", "correlationVector":"6BWSkAY7P2SXQe5S8k9LFW","action":"Commit Request", "result":"", "context":Item count: 14
Contributing types: Preferences, Passwords, Sessions, History}
{"logTime": "0528/202356", "correlationVector":"6BWSkAY7P2SXQe5S8k9LFW.1","action":"SyncServerConnectionManagerRequest", "result":"SYNC_SERVER_OK", "context":{"environment":"Prod_eastus2_prod-s01-050-nam-eastus2", "migrationStage":"NotStarted", "server":"akswtt114000018"}}
{"logTime": "0528/202356", "correlationVector":"6BWSkAY7P2SXQe5S8k9LFW.2","action":"Commit Response", "result":"Success", "context":Result: Success. cV=6BWSkAY7P2SXQe5S8k9LFW.0;server=akswtt114000018;cloudType=Consumer;environment=Prod_eastus2_prod-s01-050-nam-eastus2;migrationStage=NotStarted}
