2026-05-28 19:17:25.915: [INFO][Sync] Reset engine, reason: 8
2026-05-28 19:17:25.915: [INFO][Sync] Stopped: Bookmarks
2026-05-28 19:17:25.915: [INFO][Sync] Stopped: Preferences
2026-05-28 19:17:25.915: [INFO][Sync] Stopped: Passwords
2026-05-28 19:17:25.915: [INFO][Sync] Stopped: Autofill Profiles
2026-05-28 19:17:25.915: [INFO][Sync] Stopped: Autofill
2026-05-28 19:17:25.915: [INFO][Sync] Stopped: Extensions
2026-05-28 19:17:25.915: [INFO][Sync] Stopped: Sessions
2026-05-28 19:17:25.915: [INFO][Sync] Stopped: Extension settings
2026-05-28 19:17:25.916: [INFO][Sync] Stopped: History Delete Directives
2026-05-28 19:17:25.916: [INFO][Sync] Stopped: Device Info
2026-05-28 19:17:25.916: [INFO][Sync] Stopped: User Consents
2026-05-28 19:17:25.916: [INFO][Sync] Stopped: Send Tab To Self
2026-05-28 19:17:25.916: [INFO][Sync] Stopped: Web Apps
2026-05-28 19:17:25.916: [INFO][Sync] Stopped: History
2026-05-28 19:17:25.916: [INFO][Sync] Stopped: Saved Tab Group
2026-05-28 19:17:25.916: [INFO][Sync] Stopped: WebAuthn Credentials
2026-05-28 19:17:25.916: [INFO][Sync] Stopped: Collection
2026-05-28 19:17:25.916: [INFO][Sync] Stopped: Edge E Drop
2026-05-28 19:17:25.916: [INFO][Sync] Stopped: Edge Hub App Usage
2026-05-28 19:17:25.916: [INFO][Sync] Stopped: Edge Journey
2026-05-28 19:17:25.916: [INFO][Sync] Stopped: Edge Wallet
2026-05-28 19:17:25.916: [INFO][Sync] Stopped: Edge Workspace
2026-05-28 19:17:25.916: [INFO][Sync] SyncState after authenticated was: NotSignedIn
2026-05-28 19:17:26.158: [INFO][Sync] Reset engine, reason: 8
2026-05-28 19:17:26.158: [INFO][Sync] Stopped: Bookmarks
2026-05-28 19:17:26.158: [INFO][Sync] Stopped: Preferences
2026-05-28 19:17:26.158: [INFO][Sync] Stopped: Passwords
2026-05-28 19:17:26.158: [INFO][Sync] Stopped: Autofill Profiles
2026-05-28 19:17:26.158: [INFO][Sync] Stopped: Autofill
2026-05-28 19:17:26.158: [INFO][Sync] Stopped: Extensions
2026-05-28 19:17:26.158: [INFO][Sync] Stopped: Sessions
2026-05-28 19:17:26.158: [INFO][Sync] Stopped: Extension settings
2026-05-28 19:17:26.158: [INFO][Sync] Stopped: History Delete Directives
2026-05-28 19:17:26.158: [INFO][Sync] Stopped: Device Info
2026-05-28 19:17:26.158: [INFO][Sync] Stopped: User Consents
2026-05-28 19:17:26.158: [INFO][Sync] Stopped: Send Tab To Self
2026-05-28 19:17:26.158: [INFO][Sync] Stopped: Web Apps
2026-05-28 19:17:26.158: [INFO][Sync] Stopped: History
2026-05-28 19:17:26.158: [INFO][Sync] Stopped: Saved Tab Group
2026-05-28 19:17:26.158: [INFO][Sync] Stopped: WebAuthn Credentials
2026-05-28 19:17:26.158: [INFO][Sync] Stopped: Collection
2026-05-28 19:17:26.159: [INFO][Sync] Stopped: Edge E Drop
2026-05-28 19:17:26.159: [INFO][Sync] Stopped: Edge Hub App Usage
2026-05-28 19:17:26.159: [INFO][Sync] Stopped: Edge Journey
2026-05-28 19:17:26.159: [INFO][Sync] Stopped: Edge Wallet
2026-05-28 19:17:26.159: [INFO][Sync] Stopped: Edge Workspace
2026-05-28 19:17:29.272: [INFO][Sync] Try to start sync engine
2026-05-28 19:17:29.274: [INFO][SyncManagerImpl::NudgeForInitialDownload] Initial download nudge for Encryption Keys
2026-05-28 19:17:29.274: [INFO][SyncEngineBackend::LoadAndConnectNigoriController] Load and connect Nigori controller
2026-05-28 19:17:29.274: [INFO][SyncEngineBackend::DoInitialize] Control Types added: Encryption Keys
2026-05-28 19:17:29.274: [INFO][SyncManagerImpl::ConfigureSyncer] Types to download: Encryption Keys with reason: 3
2026-05-28 19:17:29.274: [INFO][SyncSchedulerImpl::DoConfigurationSyncCycleJob] Configure job was blocked
2026-05-28 19:17:29.307: [INFO][SyncAuthManager::SetLastAuthError] Current auth error: None
2026-05-28 19:17:29.307: [INFO][SyncAuthManager::EdgeLogTokenErrorState] Token error with: None for account type: MSA
2026-05-28 19:17:29.307: [INFO][Sync] Credentials changed for: EdgeSyncScopeNew
2026-05-28 19:17:30.075: [INFO][SyncAuthManager::SetLastAuthError] Current auth error: None
2026-05-28 19:17:30.075: [INFO][SyncAuthManager::EdgeLogTokenErrorState] Token error with: None for account type: MSA
2026-05-28 19:17:30.075: [INFO][Sync] Credentials changed for: EdgeSyncKeyDataScope
2026-05-28 19:17:30.075: [INFO][SyncEngineBackend::DoUpdateKeyDataCredentials] Update key data credentials
2026-05-28 19:17:30.075: [INFO][SyncEngineBackend::DoUpdateCredentials] Update credentials
2026-05-28 19:17:30.075: [INFO][SyncSchedulerImpl::DoConfigurationSyncCycleJob] Blocked types:  and types to download: Encryption Keys
2026-05-28 19:17:30.294: [INFO][Sync] Started DataTypeManager configuration, reason: 4
2026-05-28 19:17:30.294: [INFO][Sync] Configuring for: Bookmarks, Preferences, Passwords, Autofill Profiles, Autofill, Extensions, Sessions, Extension settings, History Delete Directives, Device Info, User Consents, Send Tab To Self, Web Apps, History, Saved Tab Group, WebAuthn Credentials, Collection, Edge E Drop, Edge Hub App Usage, Edge Wallet, Edge Workspace, Encryption Keys, reason: 3, current state: 0
2026-05-28 19:17:30.294: [WARN][Sync] Crypto error data types: Passwords, Autofill Profiles, Autofill
2026-05-28 19:17:30.297: [INFO][Sync] Configure, desired: Bookmarks, Preferences, Extensions, Sessions, Extension settings, History Delete Directives, Device Info, User Consents, Send Tab To Self, Web Apps, History, Saved Tab Group, WebAuthn Credentials, Collection, Edge E Drop, Edge Hub App Usage, Edge Wallet, Edge Workspace, Encryption Keys; Allow fail: Passwords, Autofill Profiles, Autofill
2026-05-28 19:17:30.297: [INFO][Sync] Loading: Bookmarks
2026-05-28 19:17:30.297: [INFO][Sync] Loading: Preferences
2026-05-28 19:17:30.297: [INFO][Sync] Loading: Extensions
2026-05-28 19:17:30.297: [INFO][Sync] Loading: Sessions
2026-05-28 19:17:30.297: [INFO][Sync] Loading: Extension settings
2026-05-28 19:17:30.297: [INFO][Sync] Loading: History Delete Directives
2026-05-28 19:17:30.297: [INFO][Sync] Loading: Device Info
2026-05-28 19:17:30.297: [INFO][Sync] Loading: User Consents
2026-05-28 19:17:30.297: [INFO][Sync] Loading: Send Tab To Self
2026-05-28 19:17:30.297: [INFO][Sync] Loading: Web Apps
2026-05-28 19:17:30.297: [INFO][Sync] Loading: History
2026-05-28 19:17:30.297: [INFO][Sync] Loading: Saved Tab Group
2026-05-28 19:17:30.297: [INFO][Sync] Loading: WebAuthn Credentials
2026-05-28 19:17:30.297: [INFO][Sync] Loading: Collection
2026-05-28 19:17:30.297: [INFO][Sync] Loading: Edge E Drop
2026-05-28 19:17:30.297: [INFO][Sync] Loading: Edge Hub App Usage
2026-05-28 19:17:30.297: [INFO][Sync] Loading: Edge Wallet
2026-05-28 19:17:30.297: [INFO][Sync] Loading: Edge Workspace
2026-05-28 19:17:30.306: [INFO][Sync] All data types are ready for configure.
2026-05-28 19:17:30.537: [INFO][SyncEngineBackend::DoStartConfiguration] Start configuration
2026-05-28 19:17:30.537: [INFO][SyncManagerImpl::NudgeForInitialDownload] Initial download nudge for Bookmarks
2026-05-28 19:17:30.537: [INFO][SyncManagerImpl::NudgeForInitialDownload] Initial download nudge for Preferences
2026-05-28 19:17:30.537: [INFO][SyncManagerImpl::NudgeForInitialDownload] Initial download nudge for Extensions
2026-05-28 19:17:30.537: [INFO][SyncManagerImpl::NudgeForInitialDownload] Initial download nudge for Sessions
2026-05-28 19:17:30.537: [INFO][SyncManagerImpl::NudgeForInitialDownload] Initial download nudge for Extension settings
2026-05-28 19:17:30.537: [INFO][SyncManagerImpl::NudgeForInitialDownload] Initial download nudge for History Delete Directives
2026-05-28 19:17:30.537: [INFO][Sync] Started DataTypeManager configuration, reason: 5
2026-05-28 19:17:30.537: [INFO][SyncManagerImpl::NudgeForInitialDownload] Initial download nudge for Device Info
2026-05-28 19:17:30.537: [INFO][SyncManagerImpl::NudgeForInitialDownload] Initial download nudge for Send Tab To Self
2026-05-28 19:17:30.537: [INFO][SyncManagerImpl::NudgeForInitialDownload] Initial download nudge for Web Apps
2026-05-28 19:17:30.537: [INFO][SyncManagerImpl::NudgeForInitialDownload] Initial download nudge for History
2026-05-28 19:17:30.537: [INFO][SyncManagerImpl::NudgeForInitialDownload] Initial download nudge for Saved Tab Group
2026-05-28 19:17:30.537: [INFO][Sync] Configuring for: Bookmarks, Preferences, Passwords, Autofill Profiles, Autofill, Extensions, Sessions, Extension settings, History Delete Directives, Device Info, User Consents, Send Tab To Self, Web Apps, History, Saved Tab Group, WebAuthn Credentials, Collection, Edge E Drop, Edge Hub App Usage, Edge Wallet, Edge Workspace, Encryption Keys, reason: 5, current state: 1
2026-05-28 19:17:30.537: [INFO][SyncManagerImpl::NudgeForInitialDownload] Initial download nudge for WebAuthn Credentials
2026-05-28 19:17:30.537: [INFO][SyncManagerImpl::NudgeForInitialDownload] Initial download nudge for Collection
2026-05-28 19:17:30.537: [INFO][SyncManagerImpl::NudgeForInitialDownload] Initial download nudge for Edge E Drop
2026-05-28 19:17:30.537: [INFO][SyncManagerImpl::NudgeForInitialDownload] Initial download nudge for Edge Hub App Usage
2026-05-28 19:17:30.537: [INFO][SyncManagerImpl::NudgeForInitialDownload] Initial download nudge for Edge Wallet
2026-05-28 19:17:30.537: [INFO][SyncManagerImpl::NudgeForInitialDownload] Initial download nudge for Edge Workspace
2026-05-28 19:17:30.537: [INFO][SyncManagerImpl::ConfigureSyncer] Types to download:  with reason: 3
2026-05-28 19:17:30.537: [INFO][SyncEngineBackend::DoFinishConfigureDataTypes] Failed to download types:  and succeeded types: 
2026-05-28 19:17:30.540: [INFO][Sync] ConfigurationDone, failed: , succeeded: , remaining count: 4
2026-05-28 19:17:30.540: [WARN][Sync]     Reconfigure requested while configuration ongoing.
2026-05-28 19:17:30.540: [INFO][Sync] Configuring for: Bookmarks, Preferences, Passwords, Autofill Profiles, Autofill, Extensions, Sessions, Extension settings, History Delete Directives, Device Info, User Consents, Send Tab To Self, Web Apps, History, Saved Tab Group, WebAuthn Credentials, Collection, Edge E Drop, Edge Hub App Usage, Edge Wallet, Edge Workspace, Encryption Keys, reason: 5, current state: 2
2026-05-28 19:17:30.540: [INFO][Sync] Configure, desired: Bookmarks, Preferences, Passwords, Autofill Profiles, Autofill, Extensions, Sessions, Extension settings, History Delete Directives, Device Info, User Consents, Send Tab To Self, Web Apps, History, Saved Tab Group, WebAuthn Credentials, Collection, Edge E Drop, Edge Hub App Usage, Edge Wallet, Edge Workspace, Encryption Keys; Allow fail: 
2026-05-28 19:17:30.540: [INFO][Sync] Loading: Passwords
2026-05-28 19:17:30.540: [INFO][Sync] Loading: Autofill Profiles
2026-05-28 19:17:30.540: [INFO][Sync] Loading: Autofill
2026-05-28 19:17:30.540: [INFO][Sync] All data types are ready for configure.
2026-05-28 19:17:30.540: [INFO][SyncManagerImpl::NudgeForInitialDownload] Initial download nudge for Passwords
2026-05-28 19:17:30.541: [INFO][SyncManagerImpl::NudgeForInitialDownload] Initial download nudge for Autofill Profiles
2026-05-28 19:17:30.541: [INFO][SyncManagerImpl::NudgeForInitialDownload] Initial download nudge for Autofill
2026-05-28 19:17:30.541: [INFO][SyncManagerImpl::ConfigureSyncer] Types to download:  with reason: 5
2026-05-28 19:17:30.541: [INFO][SyncEngineBackend::DoFinishConfigureDataTypes] Failed to download types:  and succeeded types: 
2026-05-28 19:17:30.541: [INFO][Sync] ConfigurationDone, failed: , succeeded: , remaining count: 4
2026-05-28 19:17:30.541: [INFO][Sync] Prepare to configure types: Preferences, Passwords, Device Info, Send Tab To Self, Edge E Drop, Encryption Keys
2026-05-28 19:17:30.541: [INFO][SyncManagerImpl::ConfigureSyncer] Types to download: Preferences, Passwords, Device Info, Send Tab To Self, Edge E Drop, Encryption Keys with reason: 5
2026-05-28 19:17:30.541: [INFO][SyncSchedulerImpl::DoConfigurationSyncCycleJob] Blocked types:  and types to download: Preferences, Passwords, Device Info, Send Tab To Self, Edge E Drop, Encryption Keys
2026-05-28 19:17:30.759: [INFO][SyncEngineBackend::DoFinishConfigureDataTypes] Failed to download types:  and succeeded types: Preferences, Passwords, Device Info, Send Tab To Self, Edge E Drop, Encryption Keys
2026-05-28 19:17:30.770: [INFO][Sync] ConfigurationDone, failed: , succeeded: Preferences, Passwords, Device Info, Send Tab To Self, Edge E Drop, Encryption Keys, remaining count: 3
2026-05-28 19:17:30.770: [INFO][Sync] Prepare to configure types: Bookmarks, Encryption Keys
2026-05-28 19:17:30.770: [INFO][SyncManagerImpl::ConfigureSyncer] Types to download: Bookmarks, Encryption Keys with reason: 5
2026-05-28 19:17:30.770: [INFO][SyncSchedulerImpl::DoConfigurationSyncCycleJob] Blocked types:  and types to download: Bookmarks, Encryption Keys
2026-05-28 19:17:31.022: [INFO][SyncEngineBackend::DoFinishConfigureDataTypes] Failed to download types:  and succeeded types: Bookmarks, Encryption Keys
2026-05-28 19:17:31.024: [INFO][Sync] ConfigurationDone, failed: , succeeded: Bookmarks, Encryption Keys, remaining count: 2
2026-05-28 19:17:31.025: [INFO][Sync] Prepare to configure types: Autofill Profiles, Autofill, Extensions, Sessions, Extension settings, History Delete Directives, Web Apps, Saved Tab Group, WebAuthn Credentials, Collection, Edge Hub App Usage, Edge Wallet, Edge Workspace, Encryption Keys
2026-05-28 19:17:31.025: [INFO][SyncManagerImpl::ConfigureSyncer] Types to download: Autofill Profiles, Autofill, Extensions, Sessions, Extension settings, History Delete Directives, Web Apps, Saved Tab Group, WebAuthn Credentials, Collection, Edge Hub App Usage, Edge Wallet, Edge Workspace, Encryption Keys with reason: 5
2026-05-28 19:17:31.025: [INFO][SyncSchedulerImpl::DoConfigurationSyncCycleJob] Blocked types:  and types to download: Autofill Profiles, Autofill, Extensions, Sessions, Extension settings, History Delete Directives, Web Apps, Saved Tab Group, WebAuthn Credentials, Collection, Edge Hub App Usage, Edge Wallet, Edge Workspace, Encryption Keys
2026-05-28 19:17:37.313: [INFO][SyncEngineBackend::DoFinishConfigureDataTypes] Failed to download types:  and succeeded types: Autofill Profiles, Autofill, Extensions, Sessions, Extension settings, History Delete Directives, Web Apps, Saved Tab Group, WebAuthn Credentials, Collection, Edge Hub App Usage, Edge Wallet, Edge Workspace, Encryption Keys
2026-05-28 19:17:37.316: [INFO][Sync] ConfigurationDone, failed: , succeeded: Autofill Profiles, Autofill, Extensions, Sessions, Extension settings, History Delete Directives, Web Apps, Saved Tab Group, WebAuthn Credentials, Collection, Edge Hub App Usage, Edge Wallet, Edge Workspace, Encryption Keys, remaining count: 1
2026-05-28 19:17:37.320: [INFO][Sync] Prepare to configure types: History, Encryption Keys
2026-05-28 19:17:37.320: [INFO][SyncManagerImpl::ConfigureSyncer] Types to download: History, Encryption Keys with reason: 5
2026-05-28 19:17:37.321: [INFO][SyncSchedulerImpl::DoConfigurationSyncCycleJob] Blocked types:  and types to download: History, Encryption Keys
2026-05-28 19:18:12.534: [INFO][SyncEngineBackend::DoFinishConfigureDataTypes] Failed to download types:  and succeeded types: History, Encryption Keys
2026-05-28 19:18:12.537: [INFO][Sync] ConfigurationDone, failed: , succeeded: History, Encryption Keys, remaining count: 0
2026-05-28 19:18:12.539: [INFO][Sync]     Configuration completed, state: 7
2026-05-28 19:18:12.539: [INFO][Sync] Configured DataTypeManager: Ok
2026-05-28 19:18:12.542: [INFO][SyncEngineBackend::DoStartSyncing] Start syncing
2026-05-28 19:25:12.208: [INFO][Sync] Reset engine, reason: 0
2026-05-28 19:25:12.208: [INFO][Sync] Reset engine with reason: 0
2026-05-28 20:22:11.821: [INFO][Sync] SyncState after authenticated was: FeatureCanStart
2026-05-28 20:22:13.934: [INFO][SyncAuthManager::SetLastAuthError] Current auth error: None
2026-05-28 20:22:13.934: [INFO][SyncAuthManager::EdgeLogTokenErrorState] Token error with: None for account type: MSA
2026-05-28 20:22:13.934: [INFO][Sync] Credentials changed for: EdgeSyncKeyDataScope
2026-05-28 20:22:21.100: [INFO][Sync] Try to start sync engine
2026-05-28 20:22:21.124: [INFO][SyncManagerImpl::NudgeForInitialDownload] Initial download nudge for Encryption Keys
2026-05-28 20:22:21.124: [INFO][SyncEngineBackend::LoadAndConnectNigoriController] Load and connect Nigori controller
2026-05-28 20:22:21.124: [INFO][SyncEngineBackend::DoInitialize] Control Types added: Encryption Keys
2026-05-28 20:22:21.124: [INFO][SyncManagerImpl::ConfigureSyncer] Types to download: Encryption Keys with reason: 3
2026-05-28 20:22:21.124: [INFO][SyncEngineBackend::DoUpdateKeyDataCredentials] Update key data credentials
2026-05-28 20:22:21.124: [INFO][SyncSchedulerImpl::DoConfigurationSyncCycleJob] Configure job was blocked
2026-05-28 20:22:21.128: [INFO][SyncAuthManager::SetLastAuthError] Current auth error: None
2026-05-28 20:22:21.128: [INFO][SyncAuthManager::EdgeLogTokenErrorState] Token error with: None for account type: MSA
2026-05-28 20:22:21.129: [INFO][Sync] Credentials changed for: EdgeSyncScopeNew
2026-05-28 20:22:21.129: [INFO][SyncEngineBackend::DoUpdateCredentials] Update credentials
2026-05-28 20:22:21.129: [INFO][SyncSchedulerImpl::DoConfigurationSyncCycleJob] Blocked types:  and types to download: Encryption Keys
2026-05-28 20:22:21.284: [INFO][SyncEngineBackend::DoUpdateKeyDataCredentials] Update key data credentials
2026-05-28 20:22:21.291: [INFO][Sync] Started DataTypeManager configuration, reason: 4
2026-05-28 20:22:21.292: [INFO][Sync] Configuring for: Bookmarks, Preferences, Passwords, Autofill Profiles, Autofill, Extensions, Sessions, Extension settings, History Delete Directives, Device Info, User Consents, Send Tab To Self, Web Apps, History, Saved Tab Group, WebAuthn Credentials, Collection, Edge E Drop, Edge Hub App Usage, Edge Wallet, Edge Workspace, Encryption Keys, reason: 4, current state: 0
2026-05-28 20:22:21.292: [WARN][Sync] Crypto error data types: Passwords, Autofill Profiles, Autofill
2026-05-28 20:22:21.294: [INFO][Sync] Configure, desired: Bookmarks, Preferences, Extensions, Sessions, Extension settings, History Delete Directives, Device Info, User Consents, Send Tab To Self, Web Apps, History, Saved Tab Group, WebAuthn Credentials, Collection, Edge E Drop, Edge Hub App Usage, Edge Wallet, Edge Workspace, Encryption Keys; Allow fail: Passwords, Autofill Profiles, Autofill
2026-05-28 20:22:21.294: [INFO][Sync] Loading: Bookmarks
2026-05-28 20:22:21.295: [INFO][Sync] Loading: Preferences
2026-05-28 20:22:21.295: [INFO][Sync] Loading: Extensions
2026-05-28 20:22:21.295: [INFO][Sync] Loading: Sessions
2026-05-28 20:22:21.295: [INFO][Sync] Loading: Extension settings
2026-05-28 20:22:21.295: [INFO][Sync] Loading: History Delete Directives
2026-05-28 20:22:21.295: [INFO][Sync] Loading: Device Info
2026-05-28 20:22:21.295: [INFO][Sync] Loading: User Consents
2026-05-28 20:22:21.295: [INFO][Sync] Loading: Send Tab To Self
2026-05-28 20:22:21.295: [INFO][Sync] Loading: Web Apps
2026-05-28 20:22:21.295: [INFO][Sync] Loading: History
2026-05-28 20:22:21.295: [INFO][Sync] Loading: Saved Tab Group
2026-05-28 20:22:21.295: [INFO][Sync] Loading: WebAuthn Credentials
2026-05-28 20:22:21.295: [INFO][Sync] Loading: Collection
2026-05-28 20:22:21.295: [INFO][Sync] Loading: Edge E Drop
2026-05-28 20:22:21.295: [INFO][Sync] Loading: Edge Hub App Usage
2026-05-28 20:22:21.295: [INFO][Sync] Loading: Edge Wallet
2026-05-28 20:22:21.295: [INFO][Sync] Loading: Edge Workspace
2026-05-28 20:22:21.303: [INFO][Sync] All data types are ready for configure.
2026-05-28 20:22:21.544: [INFO][Sync] Started DataTypeManager configuration, reason: 5
2026-05-28 20:22:21.544: [INFO][Sync] Configuring for: Bookmarks, Preferences, Passwords, Autofill Profiles, Autofill, Extensions, Sessions, Extension settings, History Delete Directives, Device Info, User Consents, Send Tab To Self, Web Apps, History, Saved Tab Group, WebAuthn Credentials, Collection, Edge E Drop, Edge Hub App Usage, Edge Wallet, Edge Workspace, Encryption Keys, reason: 5, current state: 1
2026-05-28 20:22:21.544: [INFO][SyncEngineBackend::DoStartConfiguration] Start configuration
2026-05-28 20:22:21.545: [INFO][SyncManagerImpl::ConfigureSyncer] Types to download:  with reason: 4
2026-05-28 20:22:21.545: [INFO][SyncEngineBackend::DoFinishConfigureDataTypes] Failed to download types:  and succeeded types: 
2026-05-28 20:22:21.547: [INFO][Sync] ConfigurationDone, failed: , succeeded: , remaining count: 4
2026-05-28 20:22:21.547: [WARN][Sync]     Reconfigure requested while configuration ongoing.
2026-05-28 20:22:21.547: [INFO][Sync] Configuring for: Bookmarks, Preferences, Passwords, Autofill Profiles, Autofill, Extensions, Sessions, Extension settings, History Delete Directives, Device Info, User Consents, Send Tab To Self, Web Apps, History, Saved Tab Group, WebAuthn Credentials, Collection, Edge E Drop, Edge Hub App Usage, Edge Wallet, Edge Workspace, Encryption Keys, reason: 5, current state: 2
2026-05-28 20:22:21.547: [INFO][Sync] Configure, desired: Bookmarks, Preferences, Passwords, Autofill Profiles, Autofill, Extensions, Sessions, Extension settings, History Delete Directives, Device Info, User Consents, Send Tab To Self, Web Apps, History, Saved Tab Group, WebAuthn Credentials, Collection, Edge E Drop, Edge Hub App Usage, Edge Wallet, Edge Workspace, Encryption Keys; Allow fail: 
2026-05-28 20:22:21.547: [INFO][Sync] Loading: Passwords
2026-05-28 20:22:21.547: [INFO][Sync] Loading: Autofill Profiles
2026-05-28 20:22:21.547: [INFO][Sync] Loading: Autofill
2026-05-28 20:22:21.550: [INFO][Sync] All data types are ready for configure.
2026-05-28 20:22:21.550: [INFO][SyncManagerImpl::NudgeForInitialDownload] Initial download nudge for Passwords
2026-05-28 20:22:21.551: [INFO][SyncManagerImpl::ConfigureSyncer] Types to download:  with reason: 5
2026-05-28 20:22:21.551: [INFO][SyncEngineBackend::DoFinishConfigureDataTypes] Failed to download types:  and succeeded types: 
2026-05-28 20:22:21.551: [INFO][Sync] ConfigurationDone, failed: , succeeded: , remaining count: 4
2026-05-28 20:22:21.551: [INFO][Sync] Prepare to configure types: Passwords, Encryption Keys
2026-05-28 20:22:21.551: [INFO][SyncManagerImpl::ConfigureSyncer] Types to download: Passwords, Encryption Keys with reason: 5
2026-05-28 20:22:21.551: [INFO][SyncSchedulerImpl::DoConfigurationSyncCycleJob] Blocked types:  and types to download: Passwords, Encryption Keys
2026-05-28 20:22:21.678: [INFO][SyncEngineBackend::DoFinishConfigureDataTypes] Failed to download types:  and succeeded types: Passwords, Encryption Keys
2026-05-28 20:22:21.681: [INFO][Sync] ConfigurationDone, failed: , succeeded: Passwords, Encryption Keys, remaining count: 3
2026-05-28 20:22:21.681: [INFO][SyncManagerImpl::ConfigureSyncer] Types to download:  with reason: 5
2026-05-28 20:22:21.681: [INFO][SyncEngineBackend::DoFinishConfigureDataTypes] Failed to download types:  and succeeded types: 
2026-05-28 20:22:21.681: [INFO][Sync] ConfigurationDone, failed: , succeeded: , remaining count: 2
2026-05-28 20:22:21.681: [INFO][SyncManagerImpl::ConfigureSyncer] Types to download:  with reason: 5
2026-05-28 20:22:21.681: [INFO][SyncEngineBackend::DoFinishConfigureDataTypes] Failed to download types:  and succeeded types: 
2026-05-28 20:22:21.681: [INFO][Sync] ConfigurationDone, failed: , succeeded: , remaining count: 1
2026-05-28 20:22:21.685: [INFO][SyncManagerImpl::ConfigureSyncer] Types to download:  with reason: 5
2026-05-28 20:22:21.685: [INFO][SyncEngineBackend::DoFinishConfigureDataTypes] Failed to download types:  and succeeded types: 
2026-05-28 20:22:21.690: [INFO][Sync] ConfigurationDone, failed: , succeeded: , remaining count: 0
2026-05-28 20:22:21.693: [INFO][Sync]     Configuration completed, state: 7
2026-05-28 20:22:21.694: [INFO][Sync] Configured DataTypeManager: Ok
2026-05-28 20:22:21.699: [INFO][SyncEngineBackend::DoStartSyncing] Start syncing
2026-05-28 20:22:37.025: [INFO][Sync] Connection status changed to: 3
2026-05-28 20:22:37.025: [INFO][SyncSchedulerImpl::OnSyncNetworkError] Syncer error: HTTP error (503)
2026-05-28 20:22:37.026: [INFO][Commit::ReportFullCommitFailure] Commit Passwords failed with error: ServerError
2026-05-28 20:22:37.027: [INFO][SyncSchedulerImpl::DoNudgeSyncCycleJob] Syncer error: HTTP error (503)
2026-05-28 20:22:37.038: [WARN][Sync] NetworkError: HTTP error (503)
2026-05-28 20:25:08.029: [INFO][Sync] Reset engine, reason: 0
2026-05-28 20:25:08.029: [INFO][Sync] Reset engine with reason: 0
